Component: ARM Compiler 5.06 update 4 (build 422) Tool: armlink [4d35d2]

==============================================================================

Section Cross References

    main.o(.text) refers to lv_obj.o(.text) for lv_init
    main.o(.text) refers to lv_port_disp.o(.text) for lv_port_disp_init
    main.o(.text) refers to lv_port_indev.o(.text) for lv_port_indev_init
    main.o(.text) refers to display.o(.text) for lv_chart_test_start
    main.o(.text) refers to lv_task.o(.text) for lv_task_handler
    main.o(.text) refers to tasks.o(.text) for vTaskDelayUntil
    main.o(.text) refers to heap_4.o(.text) for xPortGetMinimumEverFreeHeapSize
    main.o(.text) refers to port.o(.text) for vPortEnterCritical
    main.o(.text) refers to misc.o(.text) for NVIC_PriorityGroupConfig
    main.o(.text) refers to delay.o(.text) for delay_init
    main.o(.text) refers to usart.o(.text) for uart_init
    main.o(.text) refers to sram.o(.text) for FSMC_SRAM_Init
    main.o(.text) refers to led.o(.text) for LED_Init
    main.o(.text) refers to key.o(.text) for KEY_Init
    main.o(.text) refers to lcd.o(.text) for LCD_Init
    main.o(.text) refers to lv_hal_tick.o(.text) for lv_tick_inc
    main.o(.text) refers to main.o(.data) for DISPLAYTask_Handler
    main.o(.text) refers to touch.o(.data) for tp_dev
    system_stm32f4xx.o(.text) refers to system_stm32f4xx.o(.data) for SystemCoreClock
    led.o(.text) refers to stm32f4xx_rcc.o(.text) for RCC_AHB1PeriphClockCmd
    led.o(.text) refers to stm32f4xx_gpio.o(.text) for GPIO_Init
    timer.o(.text) refers to stm32f4xx_rcc.o(.text) for RCC_APB1PeriphClockCmd
    timer.o(.text) refers to stm32f4xx_tim.o(.text) for TIM_TimeBaseInit
    timer.o(.text) refers to misc.o(.text) for NVIC_Init
    timer.o(.text) refers to timer.o(.data) for FreeRTOSRunTimeTicks
    lcd.o(.text) refers to _printf_percent.o(.ARM.Collect$$_printf_percent$$00000000) for _printf_percent
    lcd.o(.text) refers to _printf_x.o(.ARM.Collect$$_printf_percent$$0000000C) for _printf_x
    lcd.o(.text) refers to _printf_hex_int.o(.text) for _printf_longlong_hex
    lcd.o(.text) refers to delay.o(.text) for delay_us
    lcd.o(.text) refers to lcd.o(.bss) for lcddev
    lcd.o(.text) refers to lcd.o(.data) for POINT_COLOR
    lcd.o(.text) refers to dflt_clz.o(x$fpl$dfltu) for __aeabi_ui2d
    lcd.o(.text) refers to dmul.o(x$fpl$dmul) for __aeabi_dmul
    lcd.o(.text) refers to dfixu.o(x$fpl$dfixu) for __aeabi_d2uiz
    lcd.o(.text) refers to stm32f4xx_rcc.o(.text) for RCC_AHB1PeriphClockCmd
    lcd.o(.text) refers to stm32f4xx_gpio.o(.text) for GPIO_Init
    lcd.o(.text) refers to stm32f4xx_fsmc.o(.text) for FSMC_NORSRAMInit
    lcd.o(.text) refers to noretval__2printf.o(.text) for __2printf
    lcd.o(.text) refers to lcd.o(.constdata) for asc2_1206
    key.o(.text) refers to stm32f4xx_rcc.o(.text) for RCC_AHB1PeriphClockCmd
    key.o(.text) refers to stm32f4xx_gpio.o(.text) for GPIO_Init
    key.o(.text) refers to delay.o(.text) for delay_ms
    key.o(.text) refers to key.o(.data) for key_up
    beep.o(.text) refers to stm32f4xx_rcc.o(.text) for RCC_AHB1PeriphClockCmd
    beep.o(.text) refers to stm32f4xx_gpio.o(.text) for GPIO_Init
    sram.o(.text) refers to stm32f4xx_rcc.o(.text) for RCC_AHB1PeriphClockCmd
    sram.o(.text) refers to stm32f4xx_gpio.o(.text) for GPIO_Init
    sram.o(.text) refers to stm32f4xx_fsmc.o(.text) for FSMC_NORSRAMInit
    ctiic.o(.text) refers to delay.o(.text) for delay_us
    ctiic.o(.text) refers to stm32f4xx_rcc.o(.text) for RCC_AHB1PeriphClockCmd
    ctiic.o(.text) refers to stm32f4xx_gpio.o(.text) for GPIO_Init
    ft5206.o(.text) refers to _printf_percent.o(.ARM.Collect$$_printf_percent$$00000000) for _printf_percent
    ft5206.o(.text) refers to _printf_x.o(.ARM.Collect$$_printf_percent$$0000000C) for _printf_x
    ft5206.o(.text) refers to _printf_hex_int.o(.text) for _printf_longlong_hex
    ft5206.o(.text) refers to ctiic.o(.text) for CT_IIC_Start
    ft5206.o(.text) refers to stm32f4xx_rcc.o(.text) for RCC_AHB1PeriphClockCmd
    ft5206.o(.text) refers to stm32f4xx_gpio.o(.text) for GPIO_Init
    ft5206.o(.text) refers to delay.o(.text) for delay_ms
    ft5206.o(.text) refers to noretval__2printf.o(.text) for __2printf
    ft5206.o(.text) refers to ft5206.o(.data) for t
    ft5206.o(.text) refers to touch.o(.data) for tp_dev
    ft5206.o(.text) refers to ft5206.o(.constdata) for FT5206_TPX_TBL
    gt9147.o(.text) refers to _printf_percent.o(.ARM.Collect$$_printf_percent$$00000000) for _printf_percent
    gt9147.o(.text) refers to _printf_s.o(.ARM.Collect$$_printf_percent$$00000014) for _printf_s
    gt9147.o(.text) refers to _printf_str.o(.text) for _printf_str
    gt9147.o(.text) refers to _printf_d.o(.ARM.Collect$$_printf_percent$$00000009) for _printf_d
    gt9147.o(.text) refers to _printf_dec.o(.text) for _printf_int_dec
    gt9147.o(.text) refers to ctiic.o(.text) for CT_IIC_Start
    gt9147.o(.text) refers to stm32f4xx_rcc.o(.text) for RCC_AHB1PeriphClockCmd
[...]
    lv_indev_set_cursor                      0x0800f679   Thumb Code    58  lv_indev.o(.text)
    lv_indev_set_group                       0x0800f6b3   Thumb Code    16  lv_indev.o(.text)
    lv_indev_set_button_points               0x0800f6c3   Thumb Code    10  lv_indev.o(.text)
    lv_indev_get_point                       0x0800f6cd   Thumb Code    44  lv_indev.o(.text)
    lv_indev_get_gesture_dir                 0x0800f6f9   Thumb Code     8  lv_indev.o(.text)
    lv_indev_get_key                         0x0800f701   Thumb Code    16  lv_indev.o(.text)
    lv_indev_is_dragging                     0x0800f711   Thumb Code    34  lv_indev.o(.text)
    lv_indev_get_vect                        0x0800f733   Thumb Code    42  lv_indev.o(.text)
    lv_indev_finish_drag                     0x0800f75d   Thumb Code   110  lv_indev.o(.text)
    lv_indev_wait_release                    0x0800f7cb   Thumb Code    22  lv_indev.o(.text)
    lv_indev_get_obj_act                     0x0800f7e1   Thumb Code     6  lv_indev.o(.text)
    lv_indev_get_read_task                   0x0800f7e7   Thumb Code    12  lv_indev.o(.text)
    lv_obj_get_parent                        0x0800f857   Thumb Code     6  lv_obj.o(.text)
    lv_signal_send                           0x0800f85d   Thumb Code    40  lv_obj.o(.text)
    lv_obj_get_state                         0x0800f885   Thumb Code    42  lv_obj.o(.text)
    lv_obj_get_style_list                    0x0800f8af   Thumb Code    46  lv_obj.o(.text)
    _lv_obj_get_style_ptr                    0x0800f8dd   Thumb Code   264  lv_obj.o(.text)
    _lv_obj_get_style_opa                    0x0800f9e5   Thumb Code   278  lv_obj.o(.text)
    _lv_obj_get_style_int                    0x0800feaf   Thumb Code   644  lv_obj.o(.text)
    lv_obj_get_screen                        0x08010145   Thumb Code    26  lv_obj.o(.text)
    lv_obj_get_disp                          0x0801015f   Thumb Code    88  lv_obj.o(.text)
    lv_obj_get_hidden                        0x080101b7   Thumb Code    12  lv_obj.o(.text)
    lv_obj_area_is_visible                   0x080101c3   Thumb Code   226  lv_obj.o(.text)
    lv_obj_invalidate_area                   0x080102a5   Thumb Code    46  lv_obj.o(.text)
    lv_obj_invalidate                        0x080102d3   Thumb Code    76  lv_obj.o(.text)
    lv_obj_get_child                         0x0801031f   Thumb Code    34  lv_obj.o(.text)
    lv_obj_refresh_style                     0x080104f1   Thumb Code   378  lv_obj.o(.text)
    _lv_obj_set_style_local_opa              0x080106e9   Thumb Code    60  lv_obj.o(.text)
    _lv_obj_get_style_color                  0x08010725   Thumb Code   152  lv_obj.o(.text)
    lv_init                                  0x080107bd   Thumb Code   134  lv_obj.o(.text)
    lv_deinit                                0x08010843   Thumb Code    24  lv_obj.o(.text)
    lv_obj_get_y                             0x0801085b   Thumb Code    32  lv_obj.o(.text)
    lv_obj_get_x                             0x0801087b   Thumb Code    32  lv_obj.o(.text)
    lv_obj_get_coords                        0x080108eb   Thumb Code    18  lv_obj.o(.text)
    lv_obj_set_pos                           0x080108fd   Thumb Code   166  lv_obj.o(.text)
    lv_obj_get_base_dir                      0x080109a3   Thumb Code     6  lv_obj.o(.text)
    lv_obj_init_draw_rect_dsc                0x080109a9   Thumb Code   494  lv_obj.o(.text)
    lv_obj_clean_style_list                  0x08010e23   Thumb Code    42  lv_obj.o(.text)
    lv_obj_get_width                         0x08011011   Thumb Code    14  lv_obj.o(.text)
    _lv_obj_disable_style_caching            0x080114ad   Thumb Code    84  lv_obj.o(.text)
    lv_obj_init_draw_line_dsc                0x08011501   Thumb Code   188  lv_obj.o(.text)
    lv_obj_init_draw_img_dsc                 0x080115bd   Thumb Code   168  lv_obj.o(.text)
    lv_obj_init_draw_label_dsc               0x08011665   Thumb Code   218  lv_obj.o(.text)
    lv_obj_set_state                         0x08011913   Thumb Code   546  lv_obj.o(.text)
    lv_obj_clear_state                       0x08011b35   Thumb Code    32  lv_obj.o(.text)
    lv_obj_get_focus_parent                  0x08011b55   Thumb Code    12  lv_obj.o(.text)
    lv_obj_get_focused_obj                   0x08011b61   Thumb Code    38  lv_obj.o(.text)
    lv_obj_add_state                         0x08011b87   Thumb Code    32  lv_obj.o(.text)
    lv_obj_get_group                         0x08011ba7   Thumb Code     6  lv_obj.o(.text)
    lv_obj_refresh_ext_draw_pad              0x08011bad   Thumb Code    20  lv_obj.o(.text)
    lv_obj_set_y                             0x08011bc1   Thumb Code    26  lv_obj.o(.text)
    lv_obj_set_x                             0x08011bdb   Thumb Code    26  lv_obj.o(.text)
    lv_obj_align                             0x08011c91   Thumb Code    74  lv_obj.o(.text)
    lv_obj_get_height                        0x08011cdb   Thumb Code    14  lv_obj.o(.text)
    lv_obj_align_mid                         0x08011fb9   Thumb Code    76  lv_obj.o(.text)
    lv_obj_realign                           0x08012005   Thumb Code    62  lv_obj.o(.text)
    lv_obj_get_draw_rect_ext_pad_size        0x08012043   Thumb Code   684  lv_obj.o(.text)
    lv_obj_is_protected                      0x080122ef   Thumb Code    18  lv_obj.o(.text)
    lv_obj_handle_get_type_signal            0x08012301   Thumb Code    34  lv_obj.o(.text)
    lv_obj_create                            0x08012447   Thumb Code   924  lv_obj.o(.text)
    lv_event_send_func                       0x080127fd   Thumb Code   148  lv_obj.o(.text)
    lv_event_send                            0x08012891   Thumb Code    36  lv_obj.o(.text)
    lv_obj_del                               0x0801299d   Thumb Code    78  lv_obj.o(.text)
    lv_obj_del_anim_ready_cb                 0x080129eb   Thumb Code    12  lv_obj.o(.text)
    lv_obj_del_async                         0x08012a03   Thumb Code    14  lv_obj.o(.text)
    lv_obj_clean                             0x08012a11   Thumb Code    38  lv_obj.o(.text)
    lv_obj_is_visible                        0x08012a37   Thumb Code    76  lv_obj.o(.text)
    lv_obj_set_parent                        0x08012a83   Thumb Code   182  lv_obj.o(.text)
    lv_obj_move_foreground                   0x08012b39   Thumb Code    62  lv_obj.o(.text)
    lv_obj_move_background                   0x08012b77   Thumb Code    62  lv_obj.o(.text)
    lv_obj_set_size                          0x08012bb5   Thumb Code   194  lv_obj.o(.text)
    lv_obj_set_width                         0x08012c77   Thumb Code    26  lv_obj.o(.text)
    lv_obj_set_height                        0x08012c91   Thumb Code    26  lv_obj.o(.text)
    lv_obj_set_width_fit                     0x08012cab   Thumb Code    44  lv_obj.o(.text)
    lv_obj_set_height_fit                    0x08012cd7   Thumb Code    44  lv_obj.o(.text)
    lv_obj_set_width_margin                  0x08012d03   Thumb Code    44  lv_obj.o(.text)
    lv_obj_set_height_margin                 0x08012d2f   Thumb Code    44  lv_obj.o(.text)
    lv_obj_align_x                           0x08012d5b   Thumb Code    42  lv_obj.o(.text)
    lv_obj_align_y                           0x08012d85   Thumb Code    44  lv_obj.o(.text)
    lv_obj_align_mid_x                       0x08012db1   Thumb Code    42  lv_obj.o(.text)
    lv_obj_align_mid_y                       0x08012ddb   Thumb Code    44  lv_obj.o(.text)
    lv_obj_set_auto_realign                  0x08012e07   Thumb Code    14  lv_obj.o(.text)
    lv_obj_set_ext_click_area                0x08012e15   Thumb Code    34  lv_obj.o(.text)
    lv_obj_add_style                         0x08012e37   Thumb Code    64  lv_obj.o(.text)
    lv_obj_remove_style                      0x08012e77   Thumb Code    64  lv_obj.o(.text)
    lv_obj_reset_style_list                  0x08012eb7   Thumb Code    26  lv_obj.o(.text)
    _lv_obj_set_style_local_int              0x08012ed1   Thumb Code    60  lv_obj.o(.text)
    _lv_obj_set_style_local_color            0x08012f0d   Thumb Code    58  lv_obj.o(.text)
    _lv_obj_set_style_local_ptr              0x08012f47   Thumb Code    60  lv_obj.o(.text)
    lv_obj_get_local_style                   0x08012f83   Thumb Code    24  lv_obj.o(.text)
    lv_obj_remove_style_local_prop           0x08012f9b   Thumb Code    38  lv_obj.o(.text)
    lv_obj_report_style_mod                  0x0801306d   Thumb Code    66  lv_obj.o(.text)
    lv_obj_set_hidden                        0x080130af   Thumb Code    70  lv_obj.o(.text)
    lv_obj_set_adv_hittest                   0x080130f5   Thumb Code    14  lv_obj.o(.text)
    lv_obj_set_click                         0x08013103   Thumb Code    18  lv_obj.o(.text)
    lv_obj_set_top                           0x08013115   Thumb Code    18  lv_obj.o(.text)
    lv_obj_set_drag                          0x08013127   Thumb Code    34  lv_obj.o(.text)
    lv_obj_set_drag_dir                      0x08013149   Thumb Code    36  lv_obj.o(.text)
    lv_obj_set_drag_throw                    0x0801316d   Thumb Code    18  lv_obj.o(.text)
    lv_obj_set_drag_parent                   0x0801317f   Thumb Code    18  lv_obj.o(.text)
    lv_obj_set_gesture_parent                0x08013191   Thumb Code    18  lv_obj.o(.text)
    lv_obj_is_focused                        0x080131a3   Thumb Code    26  lv_obj.o(.text)
    lv_obj_set_focus_parent                  0x080131bd   Thumb Code   108  lv_obj.o(.text)
    lv_obj_set_parent_event                  0x08013229   Thumb Code    18  lv_obj.o(.text)
    lv_obj_set_base_dir                      0x08013277   Thumb Code    54  lv_obj.o(.text)
    lv_obj_add_protect                       0x080132ad   Thumb Code    12  lv_obj.o(.text)
    lv_obj_clear_protect                     0x080132b9   Thumb Code    16  lv_obj.o(.text)
    lv_obj_finish_transitions                0x080132c9   Thumb Code    68  lv_obj.o(.text)
    lv_obj_set_event_cb                      0x0801330d   Thumb Code     4  lv_obj.o(.text)
    lv_event_send_refresh                    0x08013311   Thumb Code    16  lv_obj.o(.text)
    lv_event_send_refresh_recursive          0x08013321   Thumb Code   130  lv_obj.o(.text)
    lv_event_get_data                        0x080133a3   Thumb Code     6  lv_obj.o(.text)
    lv_obj_set_signal_cb                     0x080133a9   Thumb Code     4  lv_obj.o(.text)
    lv_obj_set_design_cb                     0x080133ad   Thumb Code     4  lv_obj.o(.text)
    lv_obj_allocate_ext_attr                 0x080133b1   Thumb Code    28  lv_obj.o(.text)
    lv_obj_get_child_back                    0x080133cd   Thumb Code    34  lv_obj.o(.text)
    lv_obj_count_children                    0x080133ef   Thumb Code    38  lv_obj.o(.text)
    lv_obj_count_children_recursive          0x08013415   Thumb Code    48  lv_obj.o(.text)
    lv_obj_get_inner_coords                  0x08013445   Thumb Code    88  lv_obj.o(.text)
    lv_obj_get_width_fit                     0x0801349d   Thumb Code    38  lv_obj.o(.text)
    lv_obj_get_height_fit                    0x080134c3   Thumb Code    38  lv_obj.o(.text)
    lv_obj_get_height_margin                 0x080134e9   Thumb Code    38  lv_obj.o(.text)
    lv_obj_get_width_margin                  0x0801350f   Thumb Code    38  lv_obj.o(.text)
    lv_obj_get_width_grid                    0x08013535   Thumb Code    58  lv_obj.o(.text)
    lv_obj_get_height_grid                   0x0801356f   Thumb Code    58  lv_obj.o(.text)
    lv_obj_get_auto_realign                  0x080135a9   Thumb Code    12  lv_obj.o(.text)
    lv_obj_get_ext_click_pad_left            0x080135b5   Thumb Code     8  lv_obj.o(.text)
    lv_obj_get_ext_click_pad_right           0x080135bd   Thumb Code     8  lv_obj.o(.text)
    lv_obj_get_ext_click_pad_top             0x080135c5   Thumb Code     8  lv_obj.o(.text)
    lv_obj_get_ext_click_pad_bottom          0x080135cd   Thumb Code     8  lv_obj.o(.text)
    lv_obj_get_ext_draw_pad                  0x080135d5   Thumb Code     8  lv_obj.o(.text)
    lv_obj_get_adv_hittest                   0x080135dd   Thumb Code    10  lv_obj.o(.text)
    lv_obj_get_click                         0x080135e7   Thumb Code    12  lv_obj.o(.text)
    lv_obj_get_top                           0x080135f3   Thumb Code    12  lv_obj.o(.text)
    lv_obj_get_drag                          0x080135ff   Thumb Code    12  lv_obj.o(.text)
    lv_obj_get_drag_dir                      0x0801360b   Thumb Code    12  lv_obj.o(.text)
    lv_obj_get_drag_throw                    0x08013617   Thumb Code    12  lv_obj.o(.text)
    lv_obj_get_drag_parent                   0x08013623   Thumb Code    12  lv_obj.o(.text)
    lv_obj_get_gesture_parent                0x0801362f   Thumb Code    12  lv_obj.o(.text)
    lv_obj_get_parent_event                  0x0801363b   Thumb Code    12  lv_obj.o(.text)
    lv_obj_get_protect                       0x08013647   Thumb Code     8  lv_obj.o(.text)
    lv_obj_get_signal_cb                     0x0801364f   Thumb Code     6  lv_obj.o(.text)
    lv_obj_get_design_cb                     0x08013655   Thumb Code     6  lv_obj.o(.text)
    lv_obj_get_event_cb                      0x0801365b   Thumb Code     6  lv_obj.o(.text)
    lv_obj_get_ext_attr                      0x08013661   Thumb Code     6  lv_obj.o(.text)
    lv_obj_get_type                          0x08013667   Thumb Code    98  lv_obj.o(.text)
    lv_obj_is_point_on_coords                0x080136c9   Thumb Code    82  lv_obj.o(.text)
    lv_obj_hittest                           0x0801371b   Thumb Code    48  lv_obj.o(.text)
    lv_obj_fade_in                           0x0801378b   Thumb Code    76  lv_obj.o(.text)
    lv_obj_fade_out                          0x080137d7   Thumb Code    68  lv_obj.o(.text)
    lv_debug_check_obj_type                  0x0801381b   Thumb Code    68  lv_obj.o(.text)
    lv_debug_check_obj_valid                 0x0801389d   Thumb Code    88  lv_obj.o(.text)
    _lv_refr_init                            0x08013c7f   Thumb Code     2  lv_refr.o(.text)
    _lv_refr_get_disp_refreshing             0x08014017   Thumb Code     6  lv_refr.o(.text)
    _lv_disp_refr_task                       0x0801479b   Thumb Code   456  lv_refr.o(.text)
    lv_refr_now                              0x08014963   Thumb Code    50  lv_refr.o(.text)
    _lv_inv_area                             0x08014995   Thumb Code   252  lv_refr.o(.text)
    _lv_refr_set_disp_refreshing             0x08014a91   Thumb Code     6  lv_refr.o(.text)
    lv_style_init                            0x08014b09   Thumb Code    14  lv_style.o(.text)
    _lv_style_get_mem_size                   0x08014b55   Thumb Code    46  lv_style.o(.text)
    lv_style_copy                            0x08014b83   Thumb Code    46  lv_style.o(.text)
    lv_style_remove_prop                     0x08014c29   Thumb Code   118  lv_style.o(.text)
    lv_style_list_init                       0x08014c9f   Thumb Code    14  lv_style.o(.text)
    _lv_style_list_remove_style              0x08014cad   Thumb Code   202  lv_style.o(.text)
    _lv_style_list_add_style                 0x08014d77   Thumb Code   136  lv_style.o(.text)
    lv_style_reset                           0x08014e43   Thumb Code    18  lv_style.o(.text)
    _lv_style_list_get_transition_style      0x08014e55   Thumb Code    20  lv_style.o(.text)
    lv_style_list_get_local_style            0x08014e69   Thumb Code    34  lv_style.o(.text)
    _lv_style_list_reset                     0x08014e8b   Thumb Code   128  lv_style.o(.text)
    lv_style_list_copy                       0x08014f0b   Thumb Code   266  lv_style.o(.text)
    _lv_style_set_int                        0x08015015   Thumb Code   164  lv_style.o(.text)
    _lv_style_set_color                      0x080150b9   Thumb Code   164  lv_style.o(.text)
    _lv_style_set_opa                        0x0801515d   Thumb Code   164  lv_style.o(.text)
    _lv_style_set_ptr                        0x08015201   Thumb Code   164  lv_style.o(.text)
    _lv_style_get_int                        0x080152a5   Thumb Code    90  lv_style.o(.text)
    _lv_style_get_opa                        0x080152ff   Thumb Code    90  lv_style.o(.text)
    _lv_style_get_color                      0x08015359   Thumb Code    90  lv_style.o(.text)
    _lv_style_get_ptr                        0x080153b3   Thumb Code    90  lv_style.o(.text)
    _lv_style_list_add_trans_style           0x0801540d   Thumb Code    88  lv_style.o(.text)
    _lv_style_list_set_local_int             0x08015465   Thumb Code    32  lv_style.o(.text)
    _lv_style_list_set_local_opa             0x08015485   Thumb Code    32  lv_style.o(.text)
    _lv_style_list_set_local_color           0x080154a5   Thumb Code    26  lv_style.o(.text)
    _lv_style_list_set_local_ptr             0x080154bf   Thumb Code    32  lv_style.o(.text)
    _lv_style_list_get_int                   0x080154df   Thumb Code   152  lv_style.o(.text)
    _lv_style_list_get_color                 0x08015577   Thumb Code   152  lv_style.o(.text)
    _lv_style_list_get_opa                   0x0801560f   Thumb Code   152  lv_style.o(.text)
    _lv_style_list_get_ptr                   0x080156a7   Thumb Code   142  lv_style.o(.text)
    lv_debug_check_style                     0x08015735   Thumb Code    12  lv_style.o(.text)
    lv_debug_check_style_list                0x08015741   Thumb Code    12  lv_style.o(.text)
    lv_port_disp_init                        0x080157bb   Thumb Code    62  lv_port_disp.o(.text)
    lv_port_indev_init                       0x08015855   Thumb Code    30  lv_port_indev.o(.text)
    _lv_blend_fill                           0x08015d8b   Thumb Code   248  lv_draw_blend.o(.text)
    _lv_blend_map                            0x08016349   Thumb Code   250  lv_draw_blend.o(.text)
    lv_draw_img_dsc_init                     0x080166bf   Thumb Code    36  lv_draw_img.o(.text)
    lv_img_cf_has_alpha                      0x08016cd7   Thumb Code    58  lv_draw_img.o(.text)
    lv_img_cf_is_chroma_keyed                0x08016d11   Thumb Code    44  lv_draw_img.o(.text)
    lv_draw_img                              0x08016f2d   Thumb Code    68  lv_draw_img.o(.text)
    lv_img_cf_get_px_size                    0x08016f71   Thumb Code    76  lv_draw_img.o(.text)
    lv_img_src_get_type                      0x08016fbd   Thumb Code    42  lv_draw_img.o(.text)
    lv_draw_label_dsc_init                   0x0801709d   Thumb Code    68  lv_draw_label.o(.text)
    lv_draw_label                            0x080179c5   Thumb Code  1578  lv_draw_label.o(.text)
    lv_draw_line_dsc_init                    0x08018009   Thumb Code    32  lv_draw_line.o(.text)
    lv_draw_line                             0x08018999   Thumb Code   500  lv_draw_line.o(.text)
    lv_draw_mask_add                         0x08018bbf   Thumb Code    54  lv_draw_mask.o(.text)
    lv_draw_mask_apply                       0x08018bf5   Thumb Code    84  lv_draw_mask.o(.text)
    lv_draw_mask_remove_id                   0x08018c49   Thumb Code    30  lv_draw_mask.o(.text)
    lv_draw_mask_remove_custom               0x08018c67   Thumb Code    52  lv_draw_mask.o(.text)
    lv_draw_mask_get_cnt                     0x08018c9b   Thumb Code    28  lv_draw_mask.o(.text)
    lv_draw_mask_line_points_init            0x08019293   Thumb Code   404  lv_draw_mask.o(.text)
    lv_draw_mask_line_angle_init             0x08019427   Thumb Code    74  lv_draw_mask.o(.text)
    lv_draw_mask_angle_init                  0x080198a1   Thumb Code   210  lv_draw_mask.o(.text)
    lv_draw_mask_radius_init                 0x08019eeb   Thumb Code    90  lv_draw_mask.o(.text)
    lv_draw_mask_fade_init                   0x0801a049   Thumb Code    50  lv_draw_mask.o(.text)
    lv_draw_mask_map_init                    0x0801a129   Thumb Code    30  lv_draw_mask.o(.text)
    lv_draw_rect_dsc_init                    0x0801a193   Thumb Code   120  lv_draw_rect.o(.text)
    lv_draw_rect                             0x0801b0b9   Thumb Code    64  lv_draw_rect.o(.text)
    lv_draw_px                               0x0801b0f9   Thumb Code     2  lv_draw_rect.o(.text)
    lv_img_buf_get_px_color                  0x0801b26b   Thumb Code   350  lv_img_buf.o(.text)
    lv_img_buf_get_px_alpha                  0x0801b3c9   Thumb Code   298  lv_img_buf.o(.text)
    lv_img_buf_set_px_alpha                  0x0801b4f3   Thumb Code   292  lv_img_buf.o(.text)
    lv_img_buf_set_px_color                  0x0801b617   Thumb Code   378  lv_img_buf.o(.text)
    lv_img_buf_set_palette                   0x0801b791   Thumb Code   192  lv_img_buf.o(.text)
    lv_img_buf_get_img_size                  0x0801b851   Thumb Code   168  lv_img_buf.o(.text)
    lv_img_buf_alloc                         0x0801b8f9   Thumb Code   126  lv_img_buf.o(.text)
    lv_img_buf_free                          0x0801b977   Thumb Code    24  lv_img_buf.o(.text)
    _lv_img_buf_transform_init               0x0801b98f   Thumb Code   296  lv_img_buf.o(.text)
    _lv_img_buf_get_transformed_area         0x0801bab7   Thumb Code   878  lv_img_buf.o(.text)
    _lv_img_buf_transform_anti_alias         0x0801be25   Thumb Code   824  lv_img_buf.o(.text)
    _lv_img_cache_open                       0x0801c15d   Thumb Code    96  lv_img_cache.o(.text)
    lv_img_cache_set_size                    0x0801c1bd   Thumb Code     2  lv_img_cache.o(.text)
    lv_img_cache_invalidate_src              0x0801c1bf   Thumb Code     2  lv_img_cache.o(.text)
    lv_img_decoder_built_in_close            0x0801c1f5   Thumb Code    58  lv_img_decoder.o(.text)
    lv_img_decoder_set_close_cb              0x0801c22f   Thumb Code     4  lv_img_decoder.o(.text)
    lv_img_decoder_built_in_read_line        0x0801c61f   Thumb Code   200  lv_img_decoder.o(.text)
    lv_img_decoder_set_read_line_cb          0x0801c6e7   Thumb Code     4  lv_img_decoder.o(.text)
    lv_img_decoder_built_in_open             0x0801c6eb   Thumb Code   520  lv_img_decoder.o(.text)
    lv_img_decoder_set_open_cb               0x0801c8f3   Thumb Code     4  lv_img_decoder.o(.text)
    lv_img_decoder_built_in_info             0x0801c8f7   Thumb Code   198  lv_img_decoder.o(.text)
    lv_img_decoder_set_info_cb               0x0801c9bd   Thumb Code     4  lv_img_decoder.o(.text)
    lv_img_decoder_create                    0x0801c9c1   Thumb Code    28  lv_img_decoder.o(.text)
    _lv_img_decoder_init                     0x0801c9dd   Thumb Code    64  lv_img_decoder.o(.text)
    lv_img_decoder_get_info                  0x0801ca1d   Thumb Code   100  lv_img_decoder.o(.text)
    lv_img_decoder_open                      0x0801ca81   Thumb Code   152  lv_img_decoder.o(.text)
    lv_img_decoder_read_line                 0x0801cb19   Thumb Code    52  lv_img_decoder.o(.text)
    lv_img_decoder_close                     0x0801cb4d   Thumb Code    40  lv_img_decoder.o(.text)
    lv_img_decoder_delete                    0x0801cb75   Thumb Code    20  lv_img_decoder.o(.text)
    lv_font_get_glyph_bitmap                 0x0801cb8d   Thumb Code    16  lv_font.o(.text)
    lv_font_get_glyph_dsc                    0x0801cb9d   Thumb Code    30  lv_font.o(.text)
    lv_font_get_glyph_width                  0x0801cbbb   Thumb Code    34  lv_font.o(.text)
    lv_font_get_bitmap_fmt_txt               0x0801d0c9   Thumb Code   242  lv_font_fmt_txt.o(.text)
    lv_font_get_glyph_dsc_fmt_txt            0x0801d2c5   Thumb Code   186  lv_font_fmt_txt.o(.text)
    _lv_font_clean_up_fmt_txt                0x0801d37f   Thumb Code    24  lv_font_fmt_txt.o(.text)
    lv_disp_drv_init                         0x0801d3a5   Thumb Code    86  lv_hal_disp.o(.text)
    lv_disp_buf_init                         0x0801d3fb   Thumb Code    34  lv_hal_disp.o(.text)
    lv_disp_is_double_buf                    0x0801d41d   Thumb Code    22  lv_hal_disp.o(.text)
    lv_disp_is_true_double_buf               0x0801d433   Thumb Code    36  lv_hal_disp.o(.text)
    lv_disp_drv_register                     0x0801d457   Thumb Code   228  lv_hal_disp.o(.text)
    lv_disp_get_default                      0x0801d53b   Thumb Code     6  lv_hal_disp.o(.text)
    lv_disp_get_ver_res                      0x0801d541   Thumb Code    50  lv_hal_disp.o(.text)
    lv_disp_get_hor_res                      0x0801d573   Thumb Code    50  lv_hal_disp.o(.text)
    lv_disp_drv_update                       0x0801d5a5   Thumb Code   126  lv_hal_disp.o(.text)
    lv_disp_set_default                      0x0801d623   Thumb Code     6  lv_hal_disp.o(.text)
    lv_disp_remove                           0x0801d629   Thumb Code    82  lv_hal_disp.o(.text)
    lv_disp_get_antialiasing                 0x0801d67b   Thumb Code    26  lv_hal_disp.o(.text)
    lv_disp_get_dpi                          0x0801d695   Thumb Code    26  lv_hal_disp.o(.text)
    lv_disp_get_size_category                0x0801d6af   Thumb Code    74  lv_hal_disp.o(.text)
    lv_disp_flush_ready                      0x0801d6f9   Thumb Code    12  lv_hal_disp.o(.text)
    lv_disp_flush_is_last                    0x0801d705   Thumb Code    16  lv_hal_disp.o(.text)
    lv_disp_get_next                         0x0801d715   Thumb Code    24  lv_hal_disp.o(.text)
    lv_disp_get_buf                          0x0801d72d   Thumb Code     6  lv_hal_disp.o(.text)
    lv_disp_get_inv_buf_size                 0x0801d733   Thumb Code    12  lv_hal_disp.o(.text)
    _lv_disp_pop_from_inv_buf                0x0801d73f   Thumb Code    46  lv_hal_disp.o(.text)
    lv_disp_set_rotation                     0x0801d76d   Thumb Code    32  lv_hal_disp.o(.text)
    lv_disp_get_rotation                     0x0801d78d   Thumb Code    20  lv_hal_disp.o(.text)
    lv_indev_drv_init                        0x0801d7b1   Thumb Code    42  lv_hal_indev.o(.text)
    lv_indev_drv_register                    0x0801d7db   Thumb Code    94  lv_hal_indev.o(.text)
    lv_indev_drv_update                      0x0801d839   Thumb Code    18  lv_hal_indev.o(.text)
    lv_indev_get_next                        0x0801d84b   Thumb Code    24  lv_hal_indev.o(.text)
    _lv_indev_read                           0x0801d863   Thumb Code    76  lv_hal_indev.o(.text)
    lv_tick_inc                              0x0801d8b9   Thumb Code    18  lv_hal_tick.o(.text)
    lv_tick_get                              0x0801d8cb   Thumb Code    22  lv_hal_tick.o(.text)
    lv_tick_elaps                            0x0801d8e1   Thumb Code    26  lv_hal_tick.o(.text)
    lv_anim_path_linear                      0x0801d9df   Thumb Code    46  lv_anim.o(.text)
    _lv_anim_core_init                       0x0801daf7   Thumb Code    38  lv_anim.o(.text)
    lv_anim_init                             0x0801db1d   Thumb Code    76  lv_anim.o(.text)
    lv_anim_del                              0x0801db69   Thumb Code    80  lv_anim.o(.text)
    lv_anim_start                            0x0801dbb9   Thumb Code   110  lv_anim.o(.text)
    lv_anim_get                              0x0801dc27   Thumb Code    50  lv_anim.o(.text)
    lv_anim_count_running                    0x0801dc59   Thumb Code    36  lv_anim.o(.text)
    lv_anim_speed_to_time                    0x0801dc7d   Thumb Code    34  lv_anim.o(.text)
    lv_anim_refr_now                         0x0801dc9f   Thumb Code    10  lv_anim.o(.text)
    lv_anim_path_ease_in                     0x0801dca9   Thumb Code   100  lv_anim.o(.text)
    lv_anim_path_ease_out                    0x0801dd0d   Thumb Code    70  lv_anim.o(.text)
    lv_anim_path_ease_in_out                 0x0801dd53   Thumb Code    72  lv_anim.o(.text)
    lv_anim_path_overshoot                   0x0801dd9b   Thumb Code    74  lv_anim.o(.text)
    lv_anim_path_bounce                      0x0801dde5   Thumb Code   208  lv_anim.o(.text)
    lv_anim_path_step                        0x0801deb5   Thumb Code    22  lv_anim.o(.text)
    lv_area_set                              0x0801decb   Thumb Code    14  lv_area.o(.text)
    lv_area_set_width                        0x0801ded9   Thumb Code    12  lv_area.o(.text)
    lv_area_set_height                       0x0801dee5   Thumb Code    12  lv_area.o(.text)
    _lv_area_set_pos                         0x0801def1   Thumb Code    50  lv_area.o(.text)
    lv_area_get_size                         0x0801df23   Thumb Code    34  lv_area.o(.text)
    _lv_area_intersect                       0x0801df45   Thumb Code   130  lv_area.o(.text)
    _lv_area_join                            0x0801dfc7   Thumb Code   100  lv_area.o(.text)
    _lv_area_is_point_on                     0x0801e07b   Thumb Code   402  lv_area.o(.text)
    _lv_area_is_on                           0x0801e20d   Thumb Code    58  lv_area.o(.text)
    _lv_area_is_in                           0x0801e247   Thumb Code   188  lv_area.o(.text)
    _lv_area_align                           0x0801e303   Thumb Code   868  lv_area.o(.text)
    lv_async_call                            0x0801e699   Thumb Code    66  lv_async.o(.text)
    lv_color_fill                            0x0801e7af   Thumb Code    92  lv_color.o(.text)
    lv_color_lighten                         0x0801e80b   Thumb Code    34  lv_color.o(.text)
    lv_color_darken                          0x0801e82d   Thumb Code    32  lv_color.o(.text)
    lv_color_hsv_to_rgb                      0x0801e84d   Thumb Code   248  lv_color.o(.text)
    lv_color_rgb_to_hsv                      0x0801e945   Thumb Code   262  lv_color.o(.text)
    lv_color_to_hsv                          0x0801ea4b   Thumb Code   116  lv_color.o(.text)
    _lv_fs_init                              0x0801eac5   Thumb Code    12  lv_fs.o(.text)
    lv_fs_get_drv                            0x0801ead1   Thumb Code    42  lv_fs.o(.text)
    lv_fs_is_ready                           0x0801eafb   Thumb Code    34  lv_fs.o(.text)
    lv_fs_open                               0x0801eb43   Thumb Code   166  lv_fs.o(.text)
    lv_fs_close                              0x0801ebe9   Thumb Code    48  lv_fs.o(.text)
    lv_fs_remove                             0x0801ec19   Thumb Code    76  lv_fs.o(.text)
    lv_fs_read                               0x0801ec65   Thumb Code    72  lv_fs.o(.text)
    lv_fs_write                              0x0801ecad   Thumb Code    72  lv_fs.o(.text)
    lv_fs_seek                               0x0801ecf5   Thumb Code    40  lv_fs.o(.text)
    lv_fs_tell                               0x0801ed1d   Thumb Code    48  lv_fs.o(.text)
    lv_fs_trunc                              0x0801ed4d   Thumb Code    36  lv_fs.o(.text)
    lv_fs_size                               0x0801ed71   Thumb Code    46  lv_fs.o(.text)
    lv_fs_rename                             0x0801ed9f   Thumb Code    90  lv_fs.o(.text)
    lv_fs_dir_open                           0x0801edf9   Thumb Code   154  lv_fs.o(.text)
    lv_fs_dir_read                           0x0801ee93   Thumb Code    56  lv_fs.o(.text)
    lv_fs_dir_close                          0x0801eecb   Thumb Code    52  lv_fs.o(.text)
    lv_fs_free_space                         0x0801eeff   Thumb Code    84  lv_fs.o(.text)
    lv_fs_drv_init                           0x0801ef53   Thumb Code    14  lv_fs.o(.text)
    lv_fs_drv_register                       0x0801ef61   Thumb Code    30  lv_fs.o(.text)
    lv_fs_get_letters                        0x0801ef7f   Thumb Code    46  lv_fs.o(.text)
    lv_fs_get_ext                            0x0801efad   Thumb Code    52  lv_fs.o(.text)
    lv_fs_up                                 0x0801efe1   Thumb Code    84  lv_fs.o(.text)
    lv_fs_get_last                           0x0801f035   Thumb Code    82  lv_fs.o(.text)
    _lv_gc_clear_roots                       0x0801f091   Thumb Code   148  lv_gc.o(.text)
    _lv_ll_init                              0x0801f16d   Thumb Code    16  lv_ll.o(.text)
    _lv_ll_ins_head                          0x0801f1b3   Thumb Code    64  lv_ll.o(.text)
    _lv_ll_get_prev                          0x0801f1f3   Thumb Code    18  lv_ll.o(.text)
    _lv_ll_get_head                          0x0801f205   Thumb Code    10  lv_ll.o(.text)
    _lv_ll_ins_prev                          0x0801f20f   Thumb Code   116  lv_ll.o(.text)
    _lv_ll_ins_tail                          0x0801f283   Thumb Code    64  lv_ll.o(.text)
    _lv_ll_get_next                          0x0801f2c3   Thumb Code    20  lv_ll.o(.text)
    _lv_ll_get_tail                          0x0801f2d7   Thumb Code    10  lv_ll.o(.text)
    _lv_ll_remove                            0x0801f2e1   Thumb Code   138  lv_ll.o(.text)
    _lv_ll_clear                             0x0801f36b   Thumb Code    48  lv_ll.o(.text)
    _lv_ll_chg_list                          0x0801f39b   Thumb Code   112  lv_ll.o(.text)
    _lv_ll_get_len                           0x0801f40b   Thumb Code    36  lv_ll.o(.text)
    _lv_ll_move_before                       0x0801f42f   Thumb Code   106  lv_ll.o(.text)
    _lv_ll_is_empty                          0x0801f499   Thumb Code    24  lv_ll.o(.text)
    _lv_trigo_sin                            0x0801f4b1   Thumb Code   106  lv_math.o(.text)
    _lv_bezier3                              0x0801f51b   Thumb Code    94  lv_math.o(.text)
    _lv_sqrt                                 0x0801f579   Thumb Code    40  lv_math.o(.text)
    _lv_atan2                                0x0801f5a1   Thumb Code   190  lv_math.o(.text)
    _lv_pow                                  0x0801f65f   Thumb Code    58  lv_math.o(.text)
    _lv_map                                  0x0801f699   Thumb Code    38  lv_math.o(.text)
    _lv_mem_init                             0x0801f6c5   Thumb Code    32  lv_mem.o(.text)
    _lv_mem_deinit                           0x0801f6e5   Thumb Code    26  lv_mem.o(.text)
    lv_mem_alloc                             0x0801f79f   Thumb Code    90  lv_mem.o(.text)
    lv_mem_defrag                            0x0801f7f9   Thumb Code   110  lv_mem.o(.text)
    lv_mem_free                              0x0801f867   Thumb Code   118  lv_mem.o(.text)
    _lv_memcpy                               0x0801f8dd   Thumb Code   654  lv_mem.o(.text)
    _lv_mem_get_size                         0x0801fb6b   Thumb Code    26  lv_mem.o(.text)
    lv_mem_realloc                           0x0801fb85   Thumb Code   120  lv_mem.o(.text)
    lv_mem_test                              0x0801fbfd   Thumb Code    70  lv_mem.o(.text)
    _lv_memset                               0x0801fc43   Thumb Code   116  lv_mem.o(.text)
    lv_mem_monitor                           0x0801fcb7   Thumb Code   148  lv_mem.o(.text)
    _lv_mem_buf_get                          0x0801fd4b   Thumb Code   274  lv_mem.o(.text)
    _lv_mem_buf_release                      0x0801fe5d   Thumb Code    74  lv_mem.o(.text)
    _lv_mem_buf_free_all                     0x0801fea7   Thumb Code    78  lv_mem.o(.text)
    _lv_memset_00                            0x0801fef5   Thumb Code   130  lv_mem.o(.text)
    _lv_memset_ff                            0x0801ff77   Thumb Code   114  lv_mem.o(.text)
    lv_snprintf                              0x080208af   Thumb Code    42  lv_printf.o(.text)
    lv_vsnprintf                             0x080208d9   Thumb Code    30  lv_printf.o(.text)
    lv_task_enable                           0x08020919   Thumb Code     6  lv_task.o(.text)
    _lv_task_core_init                       0x0802091f   Thumb Code    18  lv_task.o(.text)
    lv_task_del                              0x0802094d   Thumb Code    40  lv_task.o(.text)
    lv_task_handler                          0x080209b5   Thumb Code   426  lv_task.o(.text)
    lv_task_create                           0x08020b5f   Thumb Code   140  lv_task.o(.text)
    lv_task_create_basic                     0x08020beb   Thumb Code    18  lv_task.o(.text)
    lv_task_set_cb                           0x08020bfd   Thumb Code     4  lv_task.o(.text)
    lv_task_set_prio                         0x08020c01   Thumb Code    94  lv_task.o(.text)
    lv_task_set_period                       0x08020c5f   Thumb Code     4  lv_task.o(.text)
    lv_task_ready                            0x08020c63   Thumb Code    18  lv_task.o(.text)
    lv_task_set_repeat_count                 0x08020c75   Thumb Code     4  lv_task.o(.text)
    lv_task_reset                            0x08020c79   Thumb Code    12  lv_task.o(.text)
    lv_task_get_idle                         0x08020c85   Thumb Code     6  lv_task.o(.text)
    lv_task_get_next                         0x08020c8b   Thumb Code    24  lv_task.o(.text)
    _lv_txt_is_cmd                           0x08020ce5   Thumb Code    66  lv_txt.o(.text)
    _lv_txt_get_width                        0x08020d27   Thumb Code   148  lv_txt.o(.text)
    _lv_txt_get_next_line                    0x08020f01   Thumb Code   240  lv_txt.o(.text)
    _lv_txt_get_size                         0x08020ff1   Thumb Code   240  lv_txt.o(.text)
    _lv_txt_ins                              0x080210e1   Thumb Code    80  lv_txt.o(.text)
    _lv_txt_cut                              0x08021131   Thumb Code    66  lv_txt.o(.text)
    _lv_txt_set_text_vfmt                    0x08021173   Thumb Code    66  lv_txt.o(.text)
    _lv_utils_num_to_str                     0x08021505   Thumb Code   128  lv_utils.o(.text)
    _lv_utils_bsearch                        0x08021585   Thumb Code    84  lv_utils.o(.text)
    lv_theme_set_act                         0x080215d9   Thumb Code     6  lv_theme.o(.text)
    lv_theme_get_act                         0x080215df   Thumb Code     6  lv_theme.o(.text)
    lv_theme_apply                           0x080218ef   Thumb Code    28  lv_theme.o(.text)
    lv_theme_copy                            0x0802190b   Thumb Code    58  lv_theme.o(.text)
    lv_theme_set_base                        0x08021945   Thumb Code     4  lv_theme.o(.text)
    lv_theme_set_apply_cb                    0x08021949   Thumb Code     4  lv_theme.o(.text)
    lv_theme_get_font_small                  0x0802194d   Thumb Code     8  lv_theme.o(.text)
    lv_theme_get_font_normal                 0x08021955   Thumb Code     8  lv_theme.o(.text)
    lv_theme_get_font_subtitle               0x0802195d   Thumb Code     8  lv_theme.o(.text)
    lv_theme_get_font_title                  0x08021965   Thumb Code     8  lv_theme.o(.text)
    lv_theme_get_color_primary               0x0802196d   Thumb Code    18  lv_theme.o(.text)
    lv_theme_get_color_secondary             0x0802197f   Thumb Code    18  lv_theme.o(.text)
    lv_theme_get_flags                       0x08021991   Thumb Code     8  lv_theme.o(.text)
    lv_theme_material_init                   0x080261e3   Thumb Code   236  lv_theme_material.o(.text)
    lv_chart_get_series_area                 0x0802757f   Thumb Code    86  lv_chart.o(.text)
    lv_chart_create                          0x08027765   Thumb Code   430  lv_chart.o(.text)
    lv_chart_add_series                      0x08027913   Thumb Code   126  lv_chart.o(.text)
    lv_chart_remove_series                   0x08027991   Thumb Code    88  lv_chart.o(.text)
    lv_chart_add_cursor                      0x080279e9   Thumb Code    52  lv_chart.o(.text)
    lv_chart_clear_series                    0x08027a1d   Thumb Code    58  lv_chart.o(.text)
    lv_chart_refresh                         0x08027a57   Thumb Code    12  lv_chart.o(.text)
    lv_chart_hide_series                     0x08027a63   Thumb Code    24  lv_chart.o(.text)
    lv_chart_set_div_line_count              0x08027a7b   Thumb Code    56  lv_chart.o(.text)
    lv_chart_set_y_range                     0x08027ab3   Thumb Code    92  lv_chart.o(.text)
    lv_chart_set_type                        0x08027b0f   Thumb Code    38  lv_chart.o(.text)
    lv_chart_set_point_count                 0x08027b35   Thumb Code   258  lv_chart.o(.text)
    lv_chart_init_points                     0x08027c37   Thumb Code    54  lv_chart.o(.text)
    lv_chart_set_points                      0x08027c6d   Thumb Code    44  lv_chart.o(.text)
    lv_chart_set_next                        0x08027e09   Thumb Code   134  lv_chart.o(.text)
    lv_chart_set_update_mode                 0x08027e8f   Thumb Code    42  lv_chart.o(.text)
    lv_chart_set_x_tick_length               0x08027eb9   Thumb Code    30  lv_chart.o(.text)
    lv_chart_set_y_tick_length               0x08027ed7   Thumb Code    30  lv_chart.o(.text)
    lv_chart_set_secondary_y_tick_length     0x08027ef5   Thumb Code    30  lv_chart.o(.text)
    lv_chart_set_x_tick_texts                0x08027f13   Thumb Code    34  lv_chart.o(.text)
    lv_chart_set_y_tick_texts                0x08027f35   Thumb Code    34  lv_chart.o(.text)
    lv_chart_set_secondary_y_tick_texts      0x08027f57   Thumb Code    34  lv_chart.o(.text)
    lv_chart_set_x_start_point               0x08027f79   Thumb Code    44  lv_chart.o(.text)
    lv_chart_set_ext_array                   0x08027fa5   Thumb Code    66  lv_chart.o(.text)
    lv_chart_set_point_id                    0x08027fe7   Thumb Code    50  lv_chart.o(.text)
    lv_chart_set_series_axis                 0x08028019   Thumb Code    44  lv_chart.o(.text)
    lv_chart_set_cursor_point                0x08028045   Thumb Code    24  lv_chart.o(.text)
    lv_chart_get_type                        0x0802805d   Thumb Code    18  lv_chart.o(.text)
    lv_chart_get_point_count                 0x0802806f   Thumb Code    16  lv_chart.o(.text)
    lv_chart_get_x_start_point               0x0802807f   Thumb Code     6  lv_chart.o(.text)
    lv_chart_get_point_id                    0x08028085   Thumb Code    36  lv_chart.o(.text)
    lv_chart_get_series_axis                 0x080280a9   Thumb Code    10  lv_chart.o(.text)
    lv_chart_get_cursor_point                0x080280b3   Thumb Code    10  lv_chart.o(.text)
    lv_chart_get_nearest_index_from_coord    0x080280bd   Thumb Code   110  lv_chart.o(.text)
    lv_chart_get_x_from_index                0x0802812b   Thumb Code   204  lv_chart.o(.text)
    lv_chart_get_y_from_index                0x080281f7   Thumb Code   114  lv_chart.o(.text)
    __use_no_semihosting                     0x0802830d   Thumb Code     2  use_no_semi_2.o(.text)
    __aeabi_uldivmod                         0x0802830f   Thumb Code     0  lludivv7m.o(.text)
    _ll_udiv                                 0x0802830f   Thumb Code   238  lludivv7m.o(.text)
    __2printf                                0x080283fd   Thumb Code    20  noretval__2printf.o(.text)
    __2sprintf                               0x08028415   Thumb Code    34  noretval__2sprintf.o(.text)
    __printf                                 0x0802843d   Thumb Code   104  __printf.o(.text)
    _printf_str                              0x080284a5   Thumb Code    82  _printf_str.o(.text)
    _printf_int_dec                          0x080284f9   Thumb Code   104  _printf_dec.o(.text)
    _printf_int_hex                          0x08028571   Thumb Code    84  _printf_hex_int.o(.text)
    _printf_longlong_hex                     0x08028571   Thumb Code     0  _printf_hex_int.o(.text)
    memcmp                                   0x080285c9   Thumb Code    88  memcmp.o(.text)
    strcpy                                   0x08028621   Thumb Code    72  strcpy.o(.text)
    strlen                                   0x08028669   Thumb Code    62  strlen.o(.text)
    __aeabi_memcpy                           0x080286a7   Thumb Code     0  rt_memcpy_v6.o(.text)
    __rt_memcpy                              0x080286a7   Thumb Code   138  rt_memcpy_v6.o(.text)
    _memcpy_lastbytes                        0x0802870d   Thumb Code     0  rt_memcpy_v6.o(.text)
    __aeabi_memcpy4                          0x08028731   Thumb Code     0  rt_memcpy_w.o(.text)
    __aeabi_memcpy8                          0x08028731   Thumb Code     0  rt_memcpy_w.o(.text)
    __rt_memcpy_w                            0x08028731   Thumb Code   100  rt_memcpy_w.o(.text)
    _memcpy_lastbytes_aligned                0x08028779   Thumb Code     0  rt_memcpy_w.o(.text)
    __aeabi_memset                           0x08028795   Thumb Code    16  aeabi_memset.o(.text)
    __aeabi_memclr4                          0x080287a5   Thumb Code     0  rt_memclr_w.o(.text)
    __aeabi_memclr8                          0x080287a5   Thumb Code     0  rt_memclr_w.o(.text)
    __rt_memclr_w                            0x080287a5   Thumb Code    78  rt_memclr_w.o(.text)
    _memset_w                                0x080287a9   Thumb Code     0  rt_memclr_w.o(.text)
    strncpy                                  0x080287f3   Thumb Code    86  strncpy.o(.text)
    strcmp                                   0x08028849   Thumb Code   128  strcmpv7m.o(.text)
    __use_two_region_memory                  0x080288c9   Thumb Code     2  heapauxi.o(.text)
    __rt_heap_escrow$2region                 0x080288cb   Thumb Code     2  heapauxi.o(.text)
    __rt_heap_expand$2region                 0x080288cd   Thumb Code     2  heapauxi.o(.text)
    __I$use$semihosting                      0x080288cf   Thumb Code     0  use_no_semi.o(.text)
    __use_no_semihosting_swi                 0x080288cf   Thumb Code     2  use_no_semi.o(.text)
    __read_errno                             0x080288d1   Thumb Code    10  _rserrno.o(.text)
    __set_errno                              0x080288db   Thumb Code    12  _rserrno.o(.text)
    _printf_int_common                       0x080288e7   Thumb Code   178  _printf_intcommon.o(.text)
    _printf_char_common                      0x080289a3   Thumb Code    32  _printf_char_common.o(.text)
    _sputc                                   0x080289c9   Thumb Code    10  _sputc.o(.text)
    _printf_cs_common                        0x080289d3   Thumb Code    20  _printf_char.o(.text)
    _printf_char                             0x080289e7   Thumb Code    16  _printf_char.o(.text)
    _printf_string                           0x080289f7   Thumb Code     8  _printf_char.o(.text)
    _printf_char_file                        0x08028a01   Thumb Code    32  _printf_char_file.o(.text)
    __aeabi_memclr                           0x08028a25   Thumb Code     0  rt_memclr.o(.text)
    __rt_memclr                              0x08028a25   Thumb Code    68  rt_memclr.o(.text)
    _memset                                  0x08028a29   Thumb Code     0  rt_memclr.o(.text)
    __aeabi_errno_addr                       0x08028a69   Thumb Code     8  rt_errno_addr_intlibspace.o(.text)
    __errno$intlibspace                      0x08028a69   Thumb Code     0  rt_errno_addr_intlibspace.o(.text)
    __rt_errno_addr$intlibspace              0x08028a69   Thumb Code     0  rt_errno_addr_intlibspace.o(.text)
    ferror                                   0x08028a71   Thumb Code     8  ferror.o(.text)
    __user_libspace                          0x08028a79   Thumb Code     8  libspace.o(.text)
    __user_perproc_libspace                  0x08028a79   Thumb Code     0  libspace.o(.text)
    __user_perthread_libspace                0x08028a79   Thumb Code     0  libspace.o(.text)
    __user_setup_stackheap                   0x08028a81   Thumb Code    74  sys_stackheap_outer.o(.text)
    exit                                     0x08028acb   Thumb Code    18  exit.o(.text)
    __hardfp_sqrt                            0x08028add   Thumb Code   122  sqrt.o(i.__hardfp_sqrt)
    __aeabi_dadd                             0x08028b59   Thumb Code     0  daddsub_clz.o(x$fpl$dadd)
    _dadd                                    0x08028b59   Thumb Code   332  daddsub_clz.o(x$fpl$dadd)
    __fpl_dcmp_Inf                           0x08028ca9   Thumb Code    24  dcmpi.o(x$fpl$dcmpinf)
    __aeabi_d2uiz                            0x08028cc1   Thumb Code     0  dfixu.o(x$fpl$dfixu)
    _dfixu                                   0x08028cc1   Thumb Code    90  dfixu.o(x$fpl$dfixu)
    __aeabi_i2d                              0x08028d1b   Thumb Code     0  dflt_clz.o(x$fpl$dflt)
    _dflt                                    0x08028d1b   Thumb Code    46  dflt_clz.o(x$fpl$dflt)
    __aeabi_ui2d                             0x08028d49   Thumb Code     0  dflt_clz.o(x$fpl$dfltu)
    _dfltu                                   0x08028d49   Thumb Code    38  dflt_clz.o(x$fpl$dfltu)
    __aeabi_cdcmple                          0x08028d71   Thumb Code     0  dleqf.o(x$fpl$dleqf)
    _dcmple                                  0x08028d71   Thumb Code   120  dleqf.o(x$fpl$dleqf)
    __fpl_dcmple_InfNaN                      0x08028dd3   Thumb Code     0  dleqf.o(x$fpl$dleqf)
    __aeabi_dmul                             0x08028de9   Thumb Code     0  dmul.o(x$fpl$dmul)
    _dmul                                    0x08028de9   Thumb Code   332  dmul.o(x$fpl$dmul)
    __fpl_dnaninf                            0x08028f3d   Thumb Code   156  dnaninf.o(x$fpl$dnaninf)
    __fpl_dretinf                            0x08028fd9   Thumb Code    12  dretinf.o(x$fpl$dretinf)
    __aeabi_cdrcmple                         0x08028fe5   Thumb Code     0  drleqf.o(x$fpl$drleqf)
    _drcmple                                 0x08028fe5   Thumb Code   108  drleqf.o(x$fpl$drleqf)
    __aeabi_drsub                            0x08029051   Thumb Code     0  daddsub_clz.o(x$fpl$drsb)
    _drsb                                    0x08029051   Thumb Code    22  daddsub_clz.o(x$fpl$drsb)
    _dsqrt                                   0x08029069   Thumb Code   404  dsqrt_umaal.o(x$fpl$dsqrt)
    __aeabi_dsub                             0x08029201   Thumb Code     0  daddsub_clz.o(x$fpl$dsub)
    _dsub                                    0x08029201   Thumb Code   464  daddsub_clz.o(x$fpl$dsub)
    __aeabi_f2d                              0x080293d5   Thumb Code     0  f2d.o(x$fpl$f2d)
    _f2d                                     0x080293d5   Thumb Code    86  f2d.o(x$fpl$f2d)
    __fpl_fnaninf                            0x0802942b   Thumb Code   140  fnaninf.o(x$fpl$fnaninf)
    _fp_init                                 0x080294b7   Thumb Code    10  fpinit.o(x$fpl$fpinit)
    __fplib_config_fpu_vfp                   0x080294bf   Thumb Code     0  fpinit.o(x$fpl$fpinit)
    __fplib_config_pureend_doubles           0x080294bf   Thumb Code     0  fpinit.o(x$fpl$fpinit)
    __I$use$fp                               0x080294c0   Number         0  usenofp.o(x$fpl$usenofp)
    asc2_1206                                0x080294c0   Data        1140  lcd.o(.constdata)
    asc2_1608                                0x08029934   Data        1520  lcd.o(.constdata)
    asc2_2412                                0x08029f24   Data        3420  lcd.o(.constdata)
    FT5206_TPX_TBL                           0x0802ac80   Data          10  ft5206.o(.constdata)
    GT9147_CFG_TBL                           0x0802ac8a   Data         184  gt9147.o(.constdata)
    GT9147_TPX_TBL                           0x0802ad42   Data          10  gt9147.o(.constdata)
    OTT_TPX_TBL                              0x0802ad4c   Data          10  ott2001a.o(.constdata)
    TP_REMIND_MSG_TBL                        0x0802ad58   Data           4  touch.o(.constdata)
    FSMC_DefaultTimingStruct                 0x0802ad64   Data          28  stm32f4xx_fsmc.o(.constdata)
    _lv_bpp1_opa_table                       0x0802ad90   Data           2  lv_draw_label.o(.constdata)
    _lv_bpp2_opa_table                       0x0802ad92   Data           4  lv_draw_label.o(.constdata)
    _lv_bpp3_opa_table                       0x0802ad96   Data           8  lv_draw_label.o(.constdata)
    _lv_bpp4_opa_table                       0x0802ad9e   Data          16  lv_draw_label.o(.constdata)
    _lv_bpp8_opa_table                       0x0802adae   Data         256  lv_draw_label.o(.constdata)
    lv_anim_path_def                         0x0802e2e8   Data           8  lv_anim.o(.constdata)
    Region$$Table$$Base                      0x0802e480   Number         0  anon$$obj.o(Region$$Table)
    Region$$Table$$Limit                     0x0802e4a0   Number         0  anon$$obj.o(Region$$Table)
    StartTask_Handler                        0x20000000   Data           4  main.o(.data)
    Led0Task_Handler                         0x20000004   Data           4  main.o(.data)
    LAVGLPALTask_Handler                     0x20000008   Data           4  main.o(.data)
    DISPLAYTask_Handler                      0x2000000c   Data           4  main.o(.data)
    free_size                                0x20000010   Data           4  main.o(.data)
    SystemCoreClock                          0x20000014   Data           4  system_stm32f4xx.o(.data)
    AHBPrescTable                            0x20000018   Data          16  system_stm32f4xx.o(.data)
    FreeRTOSRunTimeTicks                     0x20000028   Data           8  timer.o(.data)
    POINT_COLOR                              0x20000030   Data           2  lcd.o(.data)
    BACK_COLOR                               0x20000032   Data           2  lcd.o(.data)
    tp_dev                                   0x20000038   Data          52  touch.o(.data)
    CMD_RDX                                  0x2000006c   Data           1  touch.o(.data)
    CMD_RDY                                  0x2000006d   Data           1  touch.o(.data)
    __stdout                                 0x20000074   Data           4  usart.o(.data)
    USART_RX_STA                             0x20000078   Data           2  usart.o(.data)
    pxCurrentTCB                             0x2000008c   Data           4  tasks.o(.data)
    lv_font_montserrat_14                    0x20000158   Data          20  lv_font_montserrat_14.o(.data)
    _lv_img_cache_array                      0x20000184   Data           4  lv_gc.o(.data)
    _lv_task_act                             0x20000188   Data           4  lv_gc.o(.data)
    _lv_theme_material_styles                0x2000018c   Data           4  lv_gc.o(.data)
    _lv_theme_template_styles                0x20000190   Data           4  lv_gc.o(.data)
    _lv_theme_mono_styles                    0x20000194   Data           4  lv_gc.o(.data)
    _lv_theme_empty_styles                   0x20000198   Data           4  lv_gc.o(.data)
    _lv_font_decompr_buf                     0x2000019c   Data           4  lv_gc.o(.data)
    _lv_txt_encoded_size                     0x200001d0   Data           4  lv_txt.o(.data)
    _lv_txt_unicode_to_encoded               0x200001d4   Data           4  lv_txt.o(.data)
    _lv_txt_encoded_conv_wc                  0x200001d8   Data           4  lv_txt.o(.data)
    _lv_txt_encoded_next                     0x200001dc   Data           4  lv_txt.o(.data)
    _lv_txt_encoded_prev                     0x200001e0   Data           4  lv_txt.o(.data)
    _lv_txt_encoded_get_byte_id              0x200001e4   Data           4  lv_txt.o(.data)
    _lv_txt_encoded_get_char_id              0x200001e8   Data           4  lv_txt.o(.data)
    _lv_txt_get_encoded_length               0x200001ec   Data           4  lv_txt.o(.data)
    lcddev                                   0x20000200   Data          14  lcd.o(.bss)
    USART_RX_BUF                             0x2000020e   Data         200  usart.o(.bss)
    xQueueRegistry                           0x200002d8   Data          64  queue.o(.bss)
    _lv_task_ll                              0x2000576c   Data          12  lv_gc.o(.bss)
    _lv_disp_ll                              0x20005778   Data          12  lv_gc.o(.bss)
    _lv_indev_ll                             0x20005784   Data          12  lv_gc.o(.bss)
    _lv_drv_ll                               0x20005790   Data          12  lv_gc.o(.bss)
    _lv_file_ll                              0x2000579c   Data          12  lv_gc.o(.bss)
    _lv_anim_ll                              0x200057a8   Data          12  lv_gc.o(.bss)
    _lv_group_ll                             0x200057b4   Data          12  lv_gc.o(.bss)
    _lv_img_defoder_ll                       0x200057c0   Data          12  lv_gc.o(.bss)
    _lv_obj_style_trans_ll                   0x200057cc   Data          12  lv_gc.o(.bss)
    _lv_mem_buf                              0x200057d8   Data         128  lv_gc.o(.bss)
    _lv_draw_mask_list                       0x20005858   Data         128  lv_gc.o(.bss)
    __libspace_start                         0x2000d920   Data          96  libspace.o(.bss)
    __temporary_stack_top$libspace           0x2000d980   Data           0  libspace.o(.bss)



==============================================================================

Memory Map of the image

  Image Entry point : 0x08000189

  Load Region LR_IROM1 (Base: 0x08000000, Size: 0x0002e6a0, Max: 0x00100000, ABSOLUTE, COMPRESSED[0x0002e528])

    Execution Region ER_IROM1 (Base: 0x08000000, Size: 0x0002e4a0, Max: 0x00100000, ABSOLUTE)

    Base Addr    Size         Type   Attr      Idx    E Section Name        Object

    0x08000000   0x00000188   Data   RO         1280    RESET               startup_stm32f40_41xxx.o
    0x08000188   0x00000008   Code   RO         6689  * !!!main             c_w.l(__main.o)
    0x08000190   0x00000034   Code   RO         6929    !!!scatter          c_w.l(__scatter.o)
    0x080001c4   0x0000005a   Code   RO         6927    !!dczerorl2         c_w.l(__dczerorl2.o)
    0x0800021e   0x00000002   PAD
    0x08000220   0x0000001c   Code   RO         6931    !!handler_zi        c_w.l(__scatter_zi.o)
    0x0800023c   0x00000000   Code   RO         6666    .ARM.Collect$$_printf_percent$$00000000  c_w.l(_printf_percent.o)
    0x0800023c   0x00000006   Code   RO         6664    .ARM.Collect$$_printf_percent$$00000009  c_w.l(_printf_d.o)
    0x08000242   0x00000006   Code   RO         6665    .ARM.Collect$$_printf_percent$$0000000A  c_w.l(_printf_u.o)
    0x08000248   0x00000006   Code   RO         6663    .ARM.Collect$$_printf_percent$$0000000C  c_w.l(_printf_x.o)
    0x0800024e   0x00000006   Code   RO         6661    .ARM.Collect$$_printf_percent$$00000013  c_w.l(_printf_c.o)
    0x08000254   0x00000006   Code   RO         6662    .ARM.Collect$$_printf_percent$$00000014  c_w.l(_printf_s.o)
    0x0800025a   0x00000004   Code   RO         6746    .ARM.Collect$$_printf_percent$$00000017  c_w.l(_printf_percent_end.o)
    0x0800025e   0x00000002   Code   RO         6804    .ARM.Collect$$libinit$$00000000  c_w.l(libinit.o)
    0x08000260   0x00000004   Code   RO         6813    .ARM.Collect$$libinit$$00000001  c_w.l(libinit2.o)
    0x08000264   0x00000000   Code   RO         6816    .ARM.Collect$$libinit$$00000004  c_w.l(libinit2.o)
    0x08000264   0x00000000   Code   RO         6819    .ARM.Collect$$libinit$$0000000A  c_w.l(libinit2.o)
    0x08000264   0x00000000   Code   RO         6821    .ARM.Collect$$libinit$$0000000C  c_w.l(libinit2.o)
    0x08000264   0x00000000   Code   RO         6823    .ARM.Collect$$libinit$$0000000E  c_w.l(libinit2.o)
    0x08000264   0x00000000   Code   RO         6826    .ARM.Collect$$libinit$$00000011  c_w.l(libinit2.o)
    0x08000264   0x00000000   Code   RO         6828    .ARM.Collect$$libinit$$00000013  c_w.l(libinit2.o)
    0x08000264   0x00000000   Code   RO         6830    .ARM.Collect$$libinit$$00000015  c_w.l(libinit2.o)
    0x08000264   0x00000000   Code   RO         6832    .ARM.Collect$$libinit$$00000017  c_w.l(libinit2.o)
    0x08000264   0x00000000   Code   RO         6834    .ARM.Collect$$libinit$$00000019  c_w.l(libinit2.o)
    0x08000264   0x00000000   Code   RO         6836    .ARM.Collect$$libinit$$0000001B  c_w.l(libinit2.o)
    0x08000264   0x00000000   Code   RO         6838    .ARM.Collect$$libinit$$0000001D  c_w.l(libinit2.o)
    0x08000264   0x00000000   Code   RO         6840    .ARM.Collect$$libinit$$0000001F  c_w.l(libinit2.o)
    0x08000264   0x00000000   Code   RO         6842    .ARM.Collect$$libinit$$00000021  c_w.l(libinit2.o)
    0x08000264   0x00000000   Code   RO         6844    .ARM.Collect$$libinit$$00000023  c_w.l(libinit2.o)
    0x08000264   0x00000000   Code   RO         6846    .ARM.Collect$$libinit$$00000025  c_w.l(libinit2.o)
    0x08000264   0x00000000   Code   RO         6850    .ARM.Collect$$libinit$$0000002C  c_w.l(libinit2.o)
    0x08000264   0x00000000   Code   RO         6852    .ARM.Collect$$libinit$$0000002E  c_w.l(libinit2.o)
    0x08000264   0x00000000   Code   RO         6854    .ARM.Collect$$libinit$$00000030  c_w.l(libinit2.o)
    0x08000264   0x00000000   Code   RO         6856    .ARM.Collect$$libinit$$00000032  c_w.l(libinit2.o)
    0x08000264   0x00000002   Code   RO         6857    .ARM.Collect$$libinit$$00000033  c_w.l(libinit2.o)
    0x08000266   0x00000002   Code   RO         6883    .ARM.Collect$$libshutdown$$00000000  c_w.l(libshutdown.o)
    0x08000268   0x00000000   Code   RO         6910    .ARM.Collect$$libshutdown$$00000002  c_w.l(libshutdown2.o)
    0x08000268   0x00000000   Code   RO         6912    .ARM.Collect$$libshutdown$$00000004  c_w.l(libshutdown2.o)
    0x08000268   0x00000000   Code   RO         6915    .ARM.Collect$$libshutdown$$00000007  c_w.l(libshutdown2.o)
    0x08000268   0x00000000   Code   RO         6918    .ARM.Collect$$libshutdown$$0000000A  c_w.l(libshutdown2.o)
    0x08000268   0x00000000   Code   RO         6920    .ARM.Collect$$libshutdown$$0000000C  c_w.l(libshutdown2.o)
    0x08000268   0x00000000   Code   RO         6923    .ARM.Collect$$libshutdown$$0000000F  c_w.l(libshutdown2.o)
    0x08000268   0x00000002   Code   RO         6924    .ARM.Collect$$libshutdown$$00000010  c_w.l(libshutdown2.o)
    0x0800026a   0x00000000   Code   RO         6729    .ARM.Collect$$rtentry$$00000000  c_w.l(__rtentry.o)
    0x0800026a   0x00000000   Code   RO         6761    .ARM.Collect$$rtentry$$00000002  c_w.l(__rtentry2.o)
    0x0800026a   0x00000006   Code   RO         6773    .ARM.Collect$$rtentry$$00000004  c_w.l(__rtentry4.o)
    0x08000270   0x00000000   Code   RO         6763    .ARM.Collect$$rtentry$$00000009  c_w.l(__rtentry2.o)
    0x08000270   0x00000004   Code   RO         6764    .ARM.Collect$$rtentry$$0000000A  c_w.l(__rtentry2.o)
    0x08000274   0x00000000   Code   RO         6766    .ARM.Collect$$rtentry$$0000000C  c_w.l(__rtentry2.o)
    0x08000274   0x00000008   Code   RO         6767    .ARM.Collect$$rtentry$$0000000D  c_w.l(__rtentry2.o)
    0x0800027c   0x00000002   Code   RO         6805    .ARM.Collect$$rtexit$$00000000  c_w.l(rtexit.o)
    0x0800027e   0x00000000   Code   RO         6859    .ARM.Collect$$rtexit$$00000002  c_w.l(rtexit2.o)
    0x0800027e   0x00000004   Code   RO         6860    .ARM.Collect$$rtexit$$00000003  c_w.l(rtexit2.o)
    0x08000282   0x00000006   Code   RO         6861    .ARM.Collect$$rtexit$$00000004  c_w.l(rtexit2.o)
    0x08000288   0x000000b6   Code   RO         1627    .emb_text           port.o
    0x0800033e   0x00000002   PAD
    0x08000340   0x00000158   Code   RO            3    .text               main.o
    0x08000498   0x00000014   Code   RO          495    .text               stm32f4xx_it.o
    0x080004ac   0x00000210   Code   RO          544    .text               system_stm32f4xx.o
    0x080006bc   0x00000040   Code   RO          570    .text               led.o
    0x080006fc   0x000000a0   Code   RO          590    .text               timer.o
    0x0800079c   0x00004c80   Code   RO          883    .text               lcd.o
    0x0800541c   0x00000104   Code   RO          921    .text               key.o
    0x08005520   0x0000031c   Code   RO          962    .text               sram.o
    0x0800583c   0x00000254   Code   RO          986    .text               ctiic.o
    0x08005a90   0x0000032c   Code   RO         1009    .text               ft5206.o
    0x08005dbc   0x00000430   Code   RO         1033    .text               gt9147.o
    0x080061ec   0x00000388   Code   RO         1060    .text               ott2001a.o
    0x08006574   0x000011bc   Code   RO         1084    .text               touch.o
    0x08007730   0x0000017a   Code   RO         1122    .text               24cxx.o
    0x080078aa   0x00000002   PAD
    0x080078ac   0x0000025c   Code   RO         1142    .text               myiic.o
    0x08007b08   0x00000100   Code   RO         1162    .text               display.o
    0x08007c08   0x000000ec   Code   RO         1199    .text               delay.o
    0x08007cf4   0x0000014c   Code   RO         1246    .text               usart.o
    0x08007e40   0x00000040   Code   RO         1281    .text               startup_stm32f40_41xxx.o
    0x08007e80   0x000000e0   Code   RO         1287    .text               misc.o
    0x08007f60   0x00000294   Code   RO         1307    .text               stm32f4xx_gpio.o
    0x080081f4   0x0000065c   Code   RO         1327    .text               stm32f4xx_rcc.o
    0x08008850   0x00000454   Code   RO         1369    .text               stm32f4xx_usart.o
    0x08008ca4   0x00000ca2   Code   RO         1389    .text               stm32f4xx_tim.o
    0x08009946   0x00000002   PAD
    0x08009948   0x000005c8   Code   RO         1409    .text               stm32f4xx_fsmc.o
    0x08009f10   0x00000094   Code   RO         1516    .text               list.o
    0x08009fa4   0x00000d0c   Code   RO         1536    .text               queue.o
    0x0800acb0   0x0000195c   Code   RO         1565    .text               tasks.o
    0x0800c60c   0x00000640   Code   RO         1604    .text               timers.o
    0x0800cc4c   0x000002f4   Code   RO         1628    .text               port.o
    0x0800cf40   0x000002a0   Code   RO         1665    .text               heap_4.o
    0x0800d1e0   0x00000598   Code   RO         1686    .text               lv_disp.o
    0x0800d778   0x00000578   Code   RO         1817    .text               lv_group.o
    0x0800dcf0   0x00001b0c   Code   RO         1933    .text               lv_indev.o
    0x0800f7fc   0x0000445e   Code   RO         1971    .text               lv_obj.o
    0x08013c5a   0x00000002   PAD
    0x08013c5c   0x00000e60   Code   RO         2068    .text               lv_refr.o
    0x08014abc   0x00000cd6   Code   RO         2123    .text               lv_style.o
    0x08015792   0x00000002   PAD
    0x08015794   0x00000074   Code   RO         2162    .text               lv_port_disp.o
    0x08015808   0x0000007c   Code   RO         2451    .text               lv_port_indev.o
    0x08015884   0x00000c58   Code   RO         2549    .text               lv_draw_blend.o
    0x080164dc   0x00000bc0   Code   RO         2662    .text               lv_draw_img.o
    0x0801709c   0x00000f6c   Code   RO         2742    .text               lv_draw_label.o
    0x08018008   0x00000b92   Code   RO         2826    .text               lv_draw_line.o
    0x08018b9a   0x00000002   PAD
    0x08018b9c   0x000015d4   Code   RO         2904    .text               lv_draw_mask.o
    0x0801a170   0x00001044   Code   RO         2964    .text               lv_draw_rect.o
    0x0801b1b4   0x00000fa8   Code   RO         3052    .text               lv_img_buf.o
    0x0801c15c   0x00000068   Code   RO         3082    .text               lv_img_cache.o
    0x0801c1c4   0x000009c8   Code   RO         3121    .text               lv_img_decoder.o
    0x0801cb8c   0x00000050   Code   RO         3158    .text               lv_font.o
    0x0801cbdc   0x000007c8   Code   RO         3468    .text               lv_font_fmt_txt.o
    0x0801d3a4   0x0000040c   Code   RO         3787    .text               lv_hal_disp.o
    0x0801d7b0   0x00000108   Code   RO         3934    .text               lv_hal_indev.o
    0x0801d8b8   0x0000004c   Code   RO         4047    .text               lv_hal_tick.o
    0x0801d904   0x000005c6   Code   RO         4070    .text               lv_anim.o
    0x0801deca   0x000007b8   Code   RO         4161    .text               lv_area.o
    0x0801e682   0x00000002   PAD
    0x0801e684   0x0000005c   Code   RO         4180    .text               lv_async.o
    0x0801e6e0   0x000003e4   Code   RO         4225    .text               lv_color.o
    0x0801eac4   0x000005cc   Code   RO         4250    .text               lv_fs.o
    0x0801f090   0x000000dc   Code   RO         4279    .text               lv_gc.o
    0x0801f16c   0x00000344   Code   RO         4304    .text               lv_ll.o
    0x0801f4b0   0x00000214   Code   RO         4322    .text               lv_math.o
    0x0801f6c4   0x00000924   Code   RO         4336    .text               lv_mem.o
    0x0801ffe8   0x00000930   Code   RO         4351    .text               lv_printf.o
    0x08020918   0x000003b4   Code   RO         4363    .text               lv_task.o
    0x08020ccc   0x00000838   Code   RO         4382    .text               lv_txt.o
    0x08021504   0x000000d4   Code   RO         4471    .text               lv_utils.o
    0x080215d8   0x000003c4   Code   RO         4486    .text               lv_theme.o
    0x0802199c   0x00004c64   Code   RO         4766    .text               lv_theme_material.o
    0x08026600   0x00001d0c   Code   RO         5321    .text               lv_chart.o
    0x0802830c   0x00000002   Code   RO         6602    .text               c_w.l(use_no_semi_2.o)
    0x0802830e   0x000000ee   Code   RO         6604    .text               c_w.l(lludivv7m.o)
    0x080283fc   0x00000018   Code   RO         6610    .text               c_w.l(noretval__2printf.o)
    0x08028414   0x00000028   Code   RO         6612    .text               c_w.l(noretval__2sprintf.o)
    0x0802843c   0x00000068   Code   RO         6614    .text               c_w.l(__printf.o)
    0x080284a4   0x00000052   Code   RO         6616    .text               c_w.l(_printf_str.o)
    0x080284f6   0x00000002   PAD
    0x080284f8   0x00000078   Code   RO         6618    .text               c_w.l(_printf_dec.o)
    0x08028570   0x00000058   Code   RO         6623    .text               c_w.l(_printf_hex_int.o)
    0x080285c8   0x00000058   Code   RO         6667    .text               c_w.l(memcmp.o)
    0x08028620   0x00000048   Code   RO         6669    .text               c_w.l(strcpy.o)
    0x08028668   0x0000003e   Code   RO         6671    .text               c_w.l(strlen.o)
    0x080286a6   0x0000008a   Code   RO         6675    .text               c_w.l(rt_memcpy_v6.o)
    0x08028730   0x00000064   Code   RO         6677    .text               c_w.l(rt_memcpy_w.o)
    0x08028794   0x00000010   Code   RO         6679    .text               c_w.l(aeabi_memset.o)
    0x080287a4   0x0000004e   Code   RO         6681    .text               c_w.l(rt_memclr_w.o)
    0x080287f2   0x00000056   Code   RO         6683    .text               c_w.l(strncpy.o)
    0x08028848   0x00000080   Code   RO         6685    .text               c_w.l(strcmpv7m.o)
    0x080288c8   0x00000006   Code   RO         6687    .text               c_w.l(heapauxi.o)
    0x080288ce   0x00000002   Code   RO         6727    .text               c_w.l(use_no_semi.o)
    0x080288d0   0x00000016   Code   RO         6734    .text               c_w.l(_rserrno.o)
    0x080288e6   0x000000b2   Code   RO         6736    .text               c_w.l(_printf_intcommon.o)
    0x08028998   0x00000030   Code   RO         6738    .text               c_w.l(_printf_char_common.o)
    0x080289c8   0x0000000a   Code   RO         6740    .text               c_w.l(_sputc.o)
    0x080289d2   0x0000002c   Code   RO         6742    .text               c_w.l(_printf_char.o)
    0x080289fe   0x00000002   PAD
    0x08028a00   0x00000024   Code   RO         6744    .text               c_w.l(_printf_char_file.o)
    0x08028a24   0x00000044   Code   RO         6747    .text               c_w.l(rt_memclr.o)
    0x08028a68   0x00000008   Code   RO         6780    .text               c_w.l(rt_errno_addr_intlibspace.o)
    0x08028a70   0x00000008   Code   RO         6784    .text               c_w.l(ferror.o)
    0x08028a78   0x00000008   Code   RO         6788    .text               c_w.l(libspace.o)
    0x08028a80   0x0000004a   Code   RO         6791    .text               c_w.l(sys_stackheap_outer.o)
    0x08028aca   0x00000012   Code   RO         6793    .text               c_w.l(exit.o)
    0x08028adc   0x0000007a   Code   RO         6715    i.__hardfp_sqrt     m_wm.l(sqrt.o)
    0x08028b56   0x00000002   PAD
    0x08028b58   0x00000150   Code   RO         6691    x$fpl$dadd          fz_wm.l(daddsub_clz.o)
    0x08028ca8   0x00000018   Code   RO         6749    x$fpl$dcmpinf       fz_wm.l(dcmpi.o)
    0x08028cc0   0x0000005a   Code   RO         6697    x$fpl$dfixu         fz_wm.l(dfixu.o)
    0x08028d1a   0x0000002e   Code   RO         6702    x$fpl$dflt          fz_wm.l(dflt_clz.o)
    0x08028d48   0x00000026   Code   RO         6701    x$fpl$dfltu         fz_wm.l(dflt_clz.o)
    0x08028d6e   0x00000002   PAD
    0x08028d70   0x00000078   Code   RO         6707    x$fpl$dleqf         fz_wm.l(dleqf.o)
    0x08028de8   0x00000154   Code   RO         6709    x$fpl$dmul          fz_wm.l(dmul.o)
    0x08028f3c   0x0000009c   Code   RO         6751    x$fpl$dnaninf       fz_wm.l(dnaninf.o)
    0x08028fd8   0x0000000c   Code   RO         6753    x$fpl$dretinf       fz_wm.l(dretinf.o)
    0x08028fe4   0x0000006c   Code   RO         6711    x$fpl$drleqf        fz_wm.l(drleqf.o)
    0x08029050   0x00000016   Code   RO         6692    x$fpl$drsb          fz_wm.l(daddsub_clz.o)
    0x08029066   0x00000002   PAD
    0x08029068   0x00000198   Code   RO         6755    x$fpl$dsqrt         fz_wm.l(dsqrt_umaal.o)
    0x08029200   0x000001d4   Code   RO         6693    x$fpl$dsub          fz_wm.l(daddsub_clz.o)
    0x080293d4   0x00000056   Code   RO         6713    x$fpl$f2d           fz_wm.l(f2d.o)
    0x0802942a   0x0000008c   Code   RO         6757    x$fpl$fnaninf       fz_wm.l(fnaninf.o)
    0x080294b6   0x0000000a   Code   RO         6871    x$fpl$fpinit        fz_wm.l(fpinit.o)
    0x080294c0   0x00000000   Code   RO         6759    x$fpl$usenofp       fz_wm.l(usenofp.o)
    0x080294c0   0x000017c0   Data   RO          885    .constdata          lcd.o
    0x0802ac80   0x0000000a   Data   RO         1010    .constdata          ft5206.o
    0x0802ac8a   0x000000c2   Data   RO         1034    .constdata          gt9147.o
    0x0802ad4c   0x0000000a   Data   RO         1061    .constdata          ott2001a.o
    0x0802ad56   0x00000002   PAD
    0x0802ad58   0x00000004   Data   RO         1085    .constdata          touch.o
    0x0802ad5c   0x00000006   Data   RO         1163    .constdata          display.o
    0x0802ad62   0x00000002   PAD
    0x0802ad64   0x0000001c   Data   RO         1410    .constdata          stm32f4xx_fsmc.o
    0x0802ad80   0x00000002   Data   RO         1972    .constdata          lv_obj.o
    0x0802ad82   0x00000002   PAD
    0x0802ad84   0x0000000a   Data   RO         2663    .constdata          lv_draw_img.o
    0x0802ad8e   0x00000002   PAD
    0x0802ad90   0x00000122   Data   RO         2744    .constdata          lv_draw_label.o
    0x0802aeb2   0x00000021   Data   RO         2827    .constdata          lv_draw_line.o
    0x0802aed3   0x00000001   PAD
    0x0802aed4   0x00000002   Data   RO         2965    .constdata          lv_draw_rect.o
    0x0802aed6   0x00000002   PAD
    0x0802aed8   0x00003408   Data   RO         3592    .constdata          lv_font_montserrat_14.o
    0x0802e2e0   0x00000006   Data   RO         3788    .constdata          lv_hal_disp.o
    0x0802e2e6   0x00000002   PAD
    0x0802e2e8   0x00000008   Data   RO         4071    .constdata          lv_anim.o
    0x0802e2f0   0x00000002   Data   RO         4226    .constdata          lv_color.o
    0x0802e2f2   0x000000b6   Data   RO         4323    .constdata          lv_math.o
    0x0802e3a8   0x00000032   Data   RO         4768    .constdata          lv_theme_material.o
    0x0802e3da   0x00000028   Data   RO         6624    .constdata          c_w.l(_printf_hex_int.o)
    0x0802e402   0x00000002   PAD
    0x0802e404   0x00000079   Data   RO         1086    .conststring        touch.o
    0x0802e47d   0x00000003   PAD
    0x0802e480   0x00000020   Data   RO         6925    Region$$Table       anon$$obj.o


    Execution Region RW_IRAM1 (Base: 0x20000000, Size: 0x0000df80, Max: 0x00020000, ABSOLUTE, COMPRESSED[0x00000088])

    Base Addr    Size         Type   Attr      Idx    E Section Name        Object

    0x20000000   0x00000014   Data   RW            4    .data               main.o
    0x20000014   0x00000014   Data   RW          545    .data               system_stm32f4xx.o
    0x20000028   0x00000008   Data   RW          591    .data               timer.o
    0x20000030   0x00000004   Data   RW          886    .data               lcd.o
    0x20000034   0x00000001   Data   RW          922    .data               key.o
    0x20000035   0x00000001   Data   RW         1011    .data               ft5206.o
    0x20000036   0x00000001   Data   RW         1035    .data               gt9147.o
    0x20000037   0x00000001   Data   RW         1062    .data               ott2001a.o
    0x20000038   0x00000036   Data   RW         1087    .data               touch.o
    0x2000006e   0x00000004   Data   RW         1200    .data               delay.o
    0x20000072   0x00000002   PAD
    0x20000074   0x00000006   Data   RW         1248    .data               usart.o
    0x2000007a   0x00000010   Data   RW         1328    .data               stm32f4xx_rcc.o
    0x2000008a   0x00000002   PAD
    0x2000008c   0x00000044   Data   RW         1567    .data               tasks.o
    0x200000d0   0x00000014   Data   RW         1606    .data               timers.o
    0x200000e4   0x0000000c   Data   RW         1629    .data               port.o
    0x200000f0   0x00000018   Data   RW         1667    .data               heap_4.o
    0x20000108   0x00000008   Data   RW         1934    .data               lv_indev.o
    0x20000110   0x0000000c   Data   RW         1973    .data               lv_obj.o
    0x2000011c   0x00000008   Data   RW         2069    .data               lv_refr.o
    0x20000124   0x00000004   Data   RW         2452    .data               lv_port_indev.o
    0x20000128   0x00000008   Data   RW         2745    .data               lv_draw_label.o
    0x20000130   0x0000000c   Data   RW         3469    .data               lv_font_fmt_txt.o
    0x2000013c   0x00000030   Data   RW         3593    .data               lv_font_montserrat_14.o
    0x2000016c   0x00000004   Data   RW         3789    .data               lv_hal_disp.o
    0x20000170   0x00000005   Data   RW         4048    .data               lv_hal_tick.o
    0x20000175   0x00000003   PAD
    0x20000178   0x0000000c   Data   RW         4072    .data               lv_anim.o
    0x20000184   0x0000001c   Data   RW         4281    .data               lv_gc.o
    0x200001a0   0x0000001e   Data   RW         4338    .data               lv_mem.o
    0x200001be   0x00000002   PAD
    0x200001c0   0x00000010   Data   RW         4364    .data               lv_task.o
    0x200001d0   0x00000020   Data   RW         4383    .data               lv_txt.o
    0x200001f0   0x00000004   Data   RW         4487    .data               lv_theme.o
    0x200001f4   0x00000004   Data   RW         4769    .data               lv_theme_material.o
    0x200001f8   0x00000008   Data   RW         5322    .data               lv_chart.o
    0x20000200   0x0000000e   Zero   RW          884    .bss                lcd.o
    0x2000020e   0x000000c8   Zero   RW         1247    .bss                usart.o
    0x200002d6   0x00000002   PAD
    0x200002d8   0x00000040   Zero   RW         1537    .bss                queue.o
    0x20000318   0x000002e4   Zero   RW         1566    .bss                tasks.o
    0x200005fc   0x00000028   Zero   RW         1605    .bss                timers.o
    0x20000624   0x00005000   Zero   RW         1666    .bss                heap_4.o
    0x20005624   0x00000024   Zero   RW         2164    .bss                lv_port_disp.o
    0x20005648   0x00000100   Zero   RW         2743    .bss                lv_draw_label.o
    0x20005748   0x00000024   Zero   RW         3083    .bss                lv_img_cache.o
    0x2000576c   0x0000016c   Zero   RW         4280    .bss                lv_gc.o
    0x200058d8   0x00008020   Zero   RW         4337    .bss                lv_mem.o
    0x2000d8f8   0x00000028   Zero   RW         4767    .bss                lv_theme_material.o
    0x2000d920   0x00000060   Zero   RW         6789    .bss                c_w.l(libspace.o)
    0x2000d980   0x00000200   Zero   RW         1279    HEAP                startup_stm32f40_41xxx.o
    0x2000db80   0x00000400   Zero   RW         1278    STACK               startup_stm32f40_41xxx.o



  Load Region LR$$.ARM.__AT_0x68000000 (Base: 0x68000000, Size: 0x00000000, Max: 0x0004b000, ABSOLUTE)

    Execution Region ER$$.ARM.__AT_0x68000000 (Base: 0x68000000, Size: 0x0004b000, Max: 0x0004b000, ABSOLUTE, UNINIT)

    Base Addr    Size         Type   Attr      Idx    E Section Name        Object

    0x68000000   0x0004b000   Zero   RW         2163    .ARM.__AT_0x68000000  lv_port_disp.o


==============================================================================

Image component sizes


      Code (inc. data)   RO Data    RW Data    ZI Data      Debug   Object Name

       378          0          0          0          0       2894   24cxx.o
       596         24          0          0          0       2121   ctiic.o
       236         10          0          4          0       1745   delay.o
       256          6          6          0          0       2770   display.o
         0          0          0          0          0      10420   event_groups.o
       812         40         10          1          0       2651   ft5206.o
      1072         78        194          1          0       3186   gt9147.o
       672         82          0         24      20480       3484   heap_4.o
       260         12          0          1          0        916   key.o
     19584        174       6080          4         14      24522   lcd.o
        64          4          0          0          0        563   led.o
       148          0          0          0          0       2022   list.o
      1478         30          8         12          0      31115   lv_anim.o
         0          0          0          0          0      21660   lv_arc.o
      1976         22          0          0          0       6972   lv_area.o
        92          6          0          0          0       2702   lv_async.o
         0          0          0          0          0       7029   lv_bar.o
         0          0          0          0          0       1396   lv_bidi.o
         0          0          0          0          0        890   lv_canvas.o
      7436         40          0          8          0      67973   lv_chart.o
       996         12          2          0          0       9845   lv_color.o
      1432         30          0          0          0      67532   lv_disp.o
         0          0          0          0          0      14722   lv_draw_arc.o
      3160          0          0          0          0      42004   lv_draw_blend.o
      3008         52         10          0          0      47628   lv_draw_img.o
      3948         54        290          8        256      35895   lv_draw_label.o
      2962          4         33          0          0      33425   lv_draw_line.o
      5588         28          0          0          0      19426   lv_draw_mask.o
      4164          8          2          0          0      31971   lv_draw_rect.o
        80          0          0          0          0       9155   lv_font.o
         0          0          0          0          0       7256   lv_font_dejavu_16_persian_hebrew.o
      1992         62          0         12          0       9865   lv_font_fmt_txt.o
         0          0      13320         48          0       2460   lv_font_montserrat_14.o
      1484         14          0          0          0      14209   lv_fs.o
       220         72          0         28        364       3096   lv_gc.o
      1400         22          0          0          0      39314   lv_group.o
      1036         16          6          4          0      36095   lv_hal_disp.o
       264         10          0          0          0      26251   lv_hal_indev.o
        76         10          0          5          0       1680   lv_hal_tick.o
      4008         32          0          0          0      20439   lv_img_buf.o
       104          4          0          0         36       6807   lv_img_cache.o
      2504         32          0          0          0      20321   lv_img_decoder.o
      6924         56          0          8          0      23166   lv_indev.o
       836          0          0          0          0       5907   lv_ll.o
       532          6        182          0          0       3439   lv_math.o
      2340         42          0         30      32800       8239   lv_mem.o
     17502        166          2         12          0     129449   lv_obj.o
       116         16          0          0     307236      31812   lv_port_disp.o
       124         18          0          4          0       1193   lv_port_indev.o
      2352         10          0          0          0       8071   lv_printf.o
      3680         24          0          8          0      48140   lv_refr.o
      3286          0          0          0          0      22861   lv_style.o
       948         42          0         16          0       5634   lv_task.o
       964         38          0          4          0      41401   lv_theme.o
     19556        442         50          4         40      64345   lv_theme_material.o
      2104         30          0         32          0      13371   lv_txt.o
       212          0          0          0          0       1621   lv_utils.o
       344         88          0         20          0     335359   main.o
       224         20          0          0          0       1893   misc.o
       604         14          0          0          0       1956   myiic.o
       904         66         10          1          0       2863   ott2001a.o
       938        112          0         12          0       8451   port.o
      3340         52          0          0         64      19094   queue.o
       796         20          0          0          0       2417   sram.o
        64         26        392          0       1536        856   startup_stm32f40_41xxx.o
      1480         18         28          0          0       5762   stm32f4xx_fsmc.o
       660         44          0          0          0       4233   stm32f4xx_gpio.o
        20          0          0          0          0        983   stm32f4xx_it.o
      1628         52          0         16          0      13148   stm32f4xx_rcc.o
      3234         60          0          0          0      23088   stm32f4xx_tim.o
      1108         34          0          0          0       7956   stm32f4xx_usart.o
       528         46          0         20          0       1891   system_stm32f4xx.o
      6492        438          0         68        740      33253   tasks.o
       160         10          0          8          0       1316   timer.o
      1600        112          0         20         40       8968   timers.o
      4540        230        125         54          0       7424   touch.o
       332         18          0          6        200       3482   usart.o

    ----------------------------------------------------------------------
    163972       3340      20798        512     363808    1589469   Object Totals
         0          0         32          0          0          0   (incl. Generated)
        14          0         16          9          2          0   (incl. Padding)

    ----------------------------------------------------------------------

      Code (inc. data)   RO Data    RW Data    ZI Data      Debug   Library Member Name

        90          0          0          0          0          0   __dczerorl2.o
         8          0          0          0          0         68   __main.o
       104          0          0          0          0         84   __printf.o
         0          0          0          0          0          0   __rtentry.o
        12          0          0          0          0          0   __rtentry2.o
         6          0          0          0          0          0   __rtentry4.o
        52          8          0          0          0          0   __scatter.o
        28          0          0          0          0          0   __scatter_zi.o
         6          0          0          0          0          0   _printf_c.o
        44          0          0          0          0        108   _printf_char.o
        48          6          0          0          0         96   _printf_char_common.o
        36          4          0          0          0         80   _printf_char_file.o
         6          0          0          0          0          0   _printf_d.o
       120         16          0          0          0         92   _printf_dec.o
        88          4         40          0          0         88   _printf_hex_int.o
       178          0          0          0          0         88   _printf_intcommon.o
         0          0          0          0          0          0   _printf_percent.o
         4          0          0          0          0          0   _printf_percent_end.o
         6          0          0          0          0          0   _printf_s.o
        82          0          0          0          0         80   _printf_str.o
         6          0          0          0          0          0   _printf_u.o
         6          0          0          0          0          0   _printf_x.o
        22          0          0          0          0        100   _rserrno.o
        10          0          0          0          0         68   _sputc.o
        16          0          0          0          0         68   aeabi_memset.o
        18          0          0          0          0         80   exit.o
         8          0          0          0          0         68   ferror.o
         6          0          0          0          0        152   heapauxi.o
         2          0          0          0          0          0   libinit.o
         6          0          0          0          0          0   libinit2.o
         2          0          0          0          0          0   libshutdown.o
         2          0          0          0          0          0   libshutdown2.o
         8          4          0          0         96         68   libspace.o
       238          0          0          0          0        100   lludivv7m.o
        88          0          0          0          0         76   memcmp.o
        24          4          0          0          0         84   noretval__2printf.o
        40          6          0          0          0         84   noretval__2sprintf.o
         8          4          0          0          0         68   rt_errno_addr_intlibspace.o
        68          0          0          0          0         68   rt_memclr.o
        78          0          0          0          0         80   rt_memclr_w.o
       138          0          0          0          0         68   rt_memcpy_v6.o
       100          0          0          0          0         80   rt_memcpy_w.o
         2          0          0          0          0          0   rtexit.o
        10          0          0          0          0          0   rtexit2.o
       128          0          0          0          0         68   strcmpv7m.o
        72          0          0          0          0         80   strcpy.o
        62          0          0          0          0         76   strlen.o
        86          0          0          0          0         76   strncpy.o
        74          0          0          0          0         80   sys_stackheap_outer.o
         2          0          0          0          0         68   use_no_semi.o
         2          0          0          0          0         68   use_no_semi_2.o
       826         16          0          0          0        492   daddsub_clz.o
        24          0          0          0          0        116   dcmpi.o
        90          4          0          0          0        140   dfixu.o
        84          0          0          0          0        232   dflt_clz.o
       120          4          0          0          0        140   dleqf.o
       340         12          0          0          0        152   dmul.o
       156          4          0          0          0        140   dnaninf.o
        12          0          0          0          0        116   dretinf.o
       108          0          0          0          0        128   drleqf.o
       408         56          0          0          0        168   dsqrt_umaal.o
        86          4          0          0          0        132   f2d.o
       140          4          0          0          0        132   fnaninf.o
        10          0          0          0          0        116   fpinit.o
         0          0          0          0          0          0   usenofp.o
       122          0          0          0          0        148   sqrt.o

    ----------------------------------------------------------------------
      4788        160         42          0         96       4964   Library Totals
        12          0          2          0          0          0   (incl. Padding)

    ----------------------------------------------------------------------

      Code (inc. data)   RO Data    RW Data    ZI Data      Debug   Library Name

      2250         56         40          0         96       2612   c_w.l
      2404        104          0          0          0       2204   fz_wm.l
       122          0          0          0          0        148   m_wm.l

    ----------------------------------------------------------------------
      4788        160         42          0         96       4964   Library Totals

    ----------------------------------------------------------------------

==============================================================================


      Code (inc. data)   RO Data    RW Data    ZI Data      Debug   

    168760       3500      20840        512     363904    1577077   Grand Totals
    168760       3500      20840        136     363904    1577077   ELF Image Totals (compressed)
    168760       3500      20840        136          0          0   ROM Totals

==============================================================================

    Total RO  Size (Code + RO Data)               189600 ( 185.16kB)
    Total RW  Size (RW Data + ZI Data)            364416 ( 355.88kB)
    Total ROM Size (Code + RO Data + RW Data)     189736 ( 185.29kB)

==============================================================================

